 robotROS2FeedbackControlExample_sfun

 Timestamp is 67b26b7b (Mon Feb 17 02:19:31 2025)

 Preferred load address is 0000000180000000

 Start         Length     Name                   Class
 0001:00000000 000126a0H .text$mn                CODE
 0001:000126a0 00000036H .text$mn$00             CODE
 0001:000126d6 00000092H .text$x                 CODE
 0002:00000000 00000440H .idata$5                DATA
 0002:00000440 00000038H .00cfg                  DATA
 0002:00000478 00000008H .CRT$XCA                DATA
 0002:00000480 00000008H .CRT$XCZ                DATA
 0002:00000488 00000008H .CRT$XIA                DATA
 0002:00000490 00000008H .CRT$XIZ                DATA
 0002:00000498 00000008H .CRT$XPA                DATA
 0002:000004a0 00000008H .CRT$XPZ                DATA
 0002:000004a8 00000008H .CRT$XTA                DATA
 0002:000004b0 00000010H .CRT$XTZ                DATA
 0002:000004b8 00000000H .gehcont$y              DATA
 0002:000004b8 00000000H .gfids$y                DATA
 0002:000004c0 00003cc0H .rdata                  DATA
 0002:00004180 00000080H .rdata$CastGuardVftablesA DATA
 0002:00004200 00000080H .rdata$CastGuardVftablesC DATA
 0002:00004280 00000178H .rdata$voltmd           DATA
 0002:000043f8 00000278H .rdata$zzzdbg           DATA
 0002:00004670 00000008H .rtc$IAA                DATA
 0002:00004678 00000008H .rtc$IZZ                DATA
 0002:00004680 00000008H .rtc$TAA                DATA
 0002:00004688 00000008H .rtc$TZZ                DATA
 0002:00004690 00000af0H .xdata                  DATA
 0002:00005180 00000090H .edata                  DATA
 0002:00005210 00000104H .idata$2                DATA
 0002:00005314 00000014H .idata$3                DATA
 0002:00005328 00000440H .idata$4                DATA
 0002:00005768 00000ba2H .idata$6                DATA
 0003:00000000 00000240H .data                   DATA
 0003:00000240 00000c10H .bss                    DATA
 0004:00000000 00000d74H .pdata                  DATA

  Address         Publics by Value              Rva+Base               Lib:Object

 0000:00000000       __AbsoluteZero             0000000000000000     <absolute>
 0000:00000000       ___safe_se_handler_count   0000000000000000     <absolute>
 0000:00000000       ___safe_se_handler_table   0000000000000000     <absolute>
 0000:00000000       __arm64x_extra_rfe_table   0000000000000000     <absolute>
 0000:00000000       __arm64x_extra_rfe_table_size 0000000000000000     <absolute>
 0000:00000000       __arm64x_native_entrypoint 0000000000000000     <absolute>
 0000:00000000       __arm64x_redirection_metadata 0000000000000000     <absolute>
 0000:00000000       __arm64x_redirection_metadata_count 0000000000000000     <absolute>
 0000:00000000       __dynamic_value_reloc_table 0000000000000000     <absolute>
 0000:00000000       __enclave_config           0000000000000000     <absolute>
 0000:00000000       __guard_check_icall_a64n_fptr 0000000000000000     <absolute>
 0000:00000000       __guard_eh_cont_count      0000000000000000     <absolute>
 0000:00000000       __guard_eh_cont_table      0000000000000000     <absolute>
 0000:00000000       __guard_fids_count         0000000000000000     <absolute>
 0000:00000000       __guard_fids_table         0000000000000000     <absolute>
 0000:00000000       __guard_iat_count          0000000000000000     <absolute>
 0000:00000000       __guard_iat_table          0000000000000000     <absolute>
 0000:00000000       __guard_longjmp_count      0000000000000000     <absolute>
 0000:00000000       __guard_longjmp_table      0000000000000000     <absolute>
 0000:00000000       __hybrid_auxiliary_delayload_iat 0000000000000000     <absolute>
 0000:00000000       __hybrid_auxiliary_delayload_iat_copy 0000000000000000     <absolute>
 0000:00000000       __hybrid_auxiliary_iat     0000000000000000     <absolute>
 0000:00000000       __hybrid_auxiliary_iat_copy 0000000000000000     <absolute>
 0000:00000000       __hybrid_code_map          0000000000000000     <absolute>
 0000:00000000       __hybrid_code_map_count    0000000000000000     <absolute>
 0000:00000000       __hybrid_image_info_bitfield 0000000000000000     <absolute>
 0000:00000000       __x64_code_ranges_to_entry_points 0000000000000000     <absolute>
 0000:00000000       __x64_code_ranges_to_entry_points_count 0000000000000000     <absolute>
 0000:00000100       __guard_flags              0000000000000100     <absolute>
 0000:00000000       __ImageBase                0000000180000000     <linker-defined>
 0001:00000000       ?robotROS2FeedbackControlExample_initializer@@YAXXZ 0000000180001000 f   robotROS2FeedbackControlExample_sfun.obj
 0001:00000010       ?robotROS2FeedbackControlExample_terminator@@YAXXZ 0000000180001010 f   robotROS2FeedbackControlExample_sfun.obj
 0001:00000020       ?load_robotROS2FeedbackControlExample_optimization_info@@YAPEAUmxArray_tag@@EEE@Z 0000000180001020 f   robotROS2FeedbackControlExample_sfun.obj
 0001:000000d0       ?unload_robotROS2FeedbackControlExample_optimization_info@@YAXXZ 00000001800010d0 f   robotROS2FeedbackControlExample_sfun.obj
 0001:00000100       ?sf_robotROS2FeedbackControlExample_method_dispatcher@@YAIPEAUSimStruct_tag@@IPEBDHPEAX@Z 0000000180001100 f   robotROS2FeedbackControlExample_sfun.obj
 0001:00000150       ?sf_robotROS2FeedbackControlExample_process_check_sum_call@@YAIHQEAPEAUmxArray_tag@@HQEAPEBU1@@Z 0000000180001150 f   robotROS2FeedbackControlExample_sfun.obj
 0001:00000650       ?sf_robotROS2FeedbackControlExample_get_eml_resolved_functions_info@@YAIHQEAPEAUmxArray_tag@@HQEAPEBU1@@Z 0000000180001650 f   robotROS2FeedbackControlExample_sfun.obj
 0001:00000840       ?sf_robotROS2FeedbackControlExample_third_party_uses_info@@YAIHQEAPEAUmxArray_tag@@HQEAPEBU1@@Z 0000000180001840 f   robotROS2FeedbackControlExample_sfun.obj
 0001:00000a10       ?sf_robotROS2FeedbackControlExample_jit_fallback_info@@YAIHQEAPEAUmxArray_tag@@HQEAPEBU1@@Z 0000000180001a10 f   robotROS2FeedbackControlExample_sfun.obj
 0001:00000be0       ?sf_robotROS2FeedbackControlExample_get_post_codegen_info@@YAIHQEAPEAUmxArray_tag@@HQEAPEBU1@@Z 0000000180001be0 f   robotROS2FeedbackControlExample_sfun.obj
 0001:00000dc0       ?sf_robotROS2FeedbackControlExample_updateBuildInfo_args_info@@YAIHQEAPEAUmxArray_tag@@HQEAPEBU1@@Z 0000000180001dc0 f   robotROS2FeedbackControlExample_sfun.obj
 0001:00000f90       ?robotROS2FeedbackControlExample_register_exported_symbols@@YAXPEAUSimStruct_tag@@@Z 0000000180001f90 f   robotROS2FeedbackControlExample_sfun.obj
 0001:00000fa0       ?sf_c1_robotROS2FeedbackControlExample_get_eml_resolved_functions_info@@YAPEBUmxArray_tag@@XZ 0000000180001fa0 f   c1_robotROS2FeedbackControlExample.obj
 0001:00001020       ?sf_c1_robotROS2FeedbackControlExample_get_check_sum@@YAXQEAPEAUmxArray_tag@@@Z 0000000180002020 f   c1_robotROS2FeedbackControlExample.obj
 0001:000010f0       ?c1_robotROS2FeedbackControlExample_method_dispatcher@@YAXPEAUSimStruct_tag@@HPEAX@Z 00000001800020f0 f   c1_robotROS2FeedbackControlExample.obj
 0001:00003c30       ?sf_c1_robotROS2FeedbackControlExample_third_party_uses_info@@YAPEAUmxArray_tag@@XZ 0000000180004c30 f   c1_robotROS2FeedbackControlExample.obj
 0001:00003c80       ?sf_c1_robotROS2FeedbackControlExample_jit_fallback_info@@YAPEAUmxArray_tag@@XZ 0000000180004c80 f   c1_robotROS2FeedbackControlExample.obj
 0001:00003e10       ?sf_c1_robotROS2FeedbackControlExample_updateBuildInfo_args_info@@YAPEAUmxArray_tag@@XZ 0000000180004e10 f   c1_robotROS2FeedbackControlExample.obj
 0001:00004150       ?sf_c1_robotROS2FeedbackControlExample_get_post_codegen_info@@YAPEBDXZ 0000000180005150 f   c1_robotROS2FeedbackControlExample.obj
 0001:00004650       ??2@YAPEAX_KPEAX@Z         0000000180005650 f i c1_robotROS2FeedbackControlExample.obj
 0001:00004660       mexFunction                0000000180005660 f   robotROS2FeedbackControlExample_sfun_registry.obj
 0001:00007040       _ssSetInputPortDirectFeedThroughFcn 0000000180008040 f   robotROS2FeedbackControlExample_sfun_registry.obj
 0001:000071c0       _ssSetRWorkValueFcn        00000001800081c0 f   robotROS2FeedbackControlExample_sfun_registry.obj
 0001:00007240       _ssGetRWorkValueFcn        0000000180008240 f   robotROS2FeedbackControlExample_sfun_registry.obj
 0001:000072b0       _ssSetIWorkValueFcn        00000001800082b0 f   robotROS2FeedbackControlExample_sfun_registry.obj
 0001:00007330       _ssGetIWorkValueFcn        0000000180008330 f   robotROS2FeedbackControlExample_sfun_registry.obj
 0001:000073a0       _ssSetPWorkValueFcn        00000001800083a0 f   robotROS2FeedbackControlExample_sfun_registry.obj
 0001:00007420       _ssGetPWorkValueFcn        0000000180008420 f   robotROS2FeedbackControlExample_sfun_registry.obj
 0001:00007490       _ssGetInputPortSignalFcn   0000000180008490 f   robotROS2FeedbackControlExample_sfun_registry.obj
 0001:00007840       _ssGetInputPortBufferDstPortFcn 0000000180008840 f   robotROS2FeedbackControlExample_sfun_registry.obj
 0001:000078c0       _ssGetInputPortSignalPtrsFcn 00000001800088c0 f   robotROS2FeedbackControlExample_sfun_registry.obj
 0001:00007c70       ssGetParameterTuningCompliance 0000000180008c70 f   robotROS2FeedbackControlExample_sfun_registry.obj
 0001:00007ce0       _ssReadInputStringFcn      0000000180008ce0 f   robotROS2FeedbackControlExample_sfun_registry.obj
 0001:00007d50       ssGetDTypeIdFromMxArray    0000000180008d50 f   robotROS2FeedbackControlExample_sfun_registry.obj
 0001:00007e70       ssWriteRTWMx2dMatParam     0000000180008e70 f   robotROS2FeedbackControlExample_sfun_registry.obj
 0001:00007f00       ssWriteRTWMxVectParam      0000000180008f00 f   robotROS2FeedbackControlExample_sfun_registry.obj
 0001:00007f80       ssWriteRTWParameters       0000000180008f80 f   robotROS2FeedbackControlExample_sfun_registry.obj
 0001:00008a80       ssWriteRTWParamSettings    0000000180009a80 f   robotROS2FeedbackControlExample_sfun_registry.obj
 0001:000097c0       ssWriteRTWStr              000000018000a7c0 f   robotROS2FeedbackControlExample_sfun_registry.obj
 0001:00009820       ssWriteRTWWorkVect         000000018000a820 f   robotROS2FeedbackControlExample_sfun_registry.obj
 0001:00009e30       ssWarning                  000000018000ae30 f   robotROS2FeedbackControlExample_sfun_registry.obj
 0001:00009f70       ssGetRootSS                000000018000af70 f   robotROS2FeedbackControlExample_sfun_registry.obj
 0001:0000a040       ssGetParentSS              000000018000b040 f   robotROS2FeedbackControlExample_sfun_registry.obj
 0001:0000a110       ssWriteRTWNameValuePair    000000018000b110 f   robotROS2FeedbackControlExample_sfun_registry.obj
 0001:0000a890       _ssSetInputPortMatrixDimensions 000000018000b890 f   robotROS2FeedbackControlExample_sfun_registry.obj
 0001:0000a9e0       _ssSetOutputPortMatrixDimensions 000000018000b9e0 f   robotROS2FeedbackControlExample_sfun_registry.obj
 0001:0000ab30       _ssSetInputPortVectorDimension 000000018000bb30 f   robotROS2FeedbackControlExample_sfun_registry.obj
 0001:0000abe0       _ssSetOutputPortVectorDimension 000000018000bbe0 f   robotROS2FeedbackControlExample_sfun_registry.obj
 0001:0000ac90       ssIsRunTimeParamTunable    000000018000bc90 f   robotROS2FeedbackControlExample_sfun_registry.obj
 0001:0000ad00       ssGetSFuncBlockHandle      000000018000bd00 f   robotROS2FeedbackControlExample_sfun_registry.obj
 0001:0000ad70       _ssGetCallSystemNumFcnCallDestinations 000000018000bd70 f   robotROS2FeedbackControlExample_sfun_registry.obj
 0001:0000ade0       _ssGetCurrentInputPortWidth 000000018000bde0 f   robotROS2FeedbackControlExample_sfun_registry.obj
 0001:0000af20       _ssGetCurrentOutputPortWidth 000000018000bf20 f   robotROS2FeedbackControlExample_sfun_registry.obj
 0001:0000b060       ssGetIsZeroCrossControlDisabled 000000018000c060 f   robotROS2FeedbackControlExample_sfun_registry.obj
 0001:0000b0d0       ssSetIsInputPortUsedForContZcSignal 000000018000c0d0 f   robotROS2FeedbackControlExample_sfun_registry.obj
 0001:0000b140       ssSetZcSignalIsZcElementDisc 000000018000c140 f   robotROS2FeedbackControlExample_sfun_registry.obj
 0001:0000b1f0       ssSetZcSignalName          000000018000c1f0 f   robotROS2FeedbackControlExample_sfun_registry.obj
 0001:0000b260       ssSetZcSignalWidth         000000018000c260 f   robotROS2FeedbackControlExample_sfun_registry.obj
 0001:0000b2d0       ssSetZcSignalZcEventType   000000018000c2d0 f   robotROS2FeedbackControlExample_sfun_registry.obj
 0001:0000b340       ssSetZcSignalType          000000018000c340 f   robotROS2FeedbackControlExample_sfun_registry.obj
 0001:0000b3b0       ssSetZcSignalZcTol         000000018000c3b0 f   robotROS2FeedbackControlExample_sfun_registry.obj
 0001:0000b420       ssSetZcSignalNeedsEventNotification 000000018000c420 f   robotROS2FeedbackControlExample_sfun_registry.obj
 0001:0000b490       ssCreateAndAddZcSignalInfo 000000018000c490 f   robotROS2FeedbackControlExample_sfun_registry.obj
 0001:0000b500       ssCloneAndAddZcSignalInfo  000000018000c500 f   robotROS2FeedbackControlExample_sfun_registry.obj
 0001:0000b570       ssGetNumZcSignals          000000018000c570 f   robotROS2FeedbackControlExample_sfun_registry.obj
 0001:0000b5e0       ssGetZcSignalVector        000000018000c5e0 f   robotROS2FeedbackControlExample_sfun_registry.obj
 0001:0000b650       ssGetZcSignalName          000000018000c650 f   robotROS2FeedbackControlExample_sfun_registry.obj
 0001:0000b6c0       ssGetZcSignalWidth         000000018000c6c0 f   robotROS2FeedbackControlExample_sfun_registry.obj
 0001:0000b730       ssGetZcSignalZcEventType   000000018000c730 f   robotROS2FeedbackControlExample_sfun_registry.obj
 0001:0000b7a0       ssGetZcSignalZcEvents      000000018000c7a0 f   robotROS2FeedbackControlExample_sfun_registry.obj
 0001:0000b810       ssGetZcSignalType          000000018000c810 f   robotROS2FeedbackControlExample_sfun_registry.obj
 0001:0000b880       ssGetZcSignalZcTol         000000018000c880 f   robotROS2FeedbackControlExample_sfun_registry.obj
 0001:0000b900       ssGetZcSignalNeedsEventNotification 000000018000c900 f   robotROS2FeedbackControlExample_sfun_registry.obj
 0001:0000b970       ssGetZcSignalIsZcElementDisc 000000018000c970 f   robotROS2FeedbackControlExample_sfun_registry.obj
 0001:0000ba10       ssGetIsInputPortElementContinuous 000000018000ca10 f   robotROS2FeedbackControlExample_sfun_registry.obj
 0001:0000bab0       _ssGetAbsTol               000000018000cab0 f   robotROS2FeedbackControlExample_sfun_registry.obj
 0001:0000bb20       _ssSetStateAbsTol          000000018000cb20 f   robotROS2FeedbackControlExample_sfun_registry.obj
 0001:0000bc00       _ssSetInputPortReusableFcn 000000018000cc00 f   robotROS2FeedbackControlExample_sfun_registry.obj
 0001:0000bd10       _ssSetOutputPortReusableFcn 000000018000cd10 f   robotROS2FeedbackControlExample_sfun_registry.obj
 0001:0000be20       _ssSetSymbolicDimsSupport  000000018000ce20 f   robotROS2FeedbackControlExample_sfun_registry.obj
 0001:0000be90       _ssRegisterSymbolicDimsExpr 000000018000ce90 f   robotROS2FeedbackControlExample_sfun_registry.obj
 0001:0000bf10       _ssRegisterSymbolicDimsMATLABExpr 000000018000cf10 f   robotROS2FeedbackControlExample_sfun_registry.obj
 0001:0000bfa0       _ssRegisterSymbolicDims    000000018000cfa0 f   robotROS2FeedbackControlExample_sfun_registry.obj
 0001:0000c040       _ssRegisterSymbolicDimsString 000000018000d040 f   robotROS2FeedbackControlExample_sfun_registry.obj
 0001:0000c0c0       _ssRegisterSymbolicDimsIntValue 000000018000d0c0 f   robotROS2FeedbackControlExample_sfun_registry.obj
 0001:0000c130       _ssRegisterSymbolicEqualRelation 000000018000d130 f   robotROS2FeedbackControlExample_sfun_registry.obj
 0001:0000c1a0       _ssRegisterSymbolicEqualValue 000000018000d1a0 f   robotROS2FeedbackControlExample_sfun_registry.obj
 0001:0000c210       _ssAmendLeadingSymbolicDims 000000018000d210 f   robotROS2FeedbackControlExample_sfun_registry.obj
 0001:0000c290       _ssAmendTrailingSymbolicDims 000000018000d290 f   robotROS2FeedbackControlExample_sfun_registry.obj
 0001:0000c310       _ssRegisterSymbolicDimsPlus 000000018000d310 f   robotROS2FeedbackControlExample_sfun_registry.obj
 0001:0000c390       _ssRegisterSymbolicDimsMinus 000000018000d390 f   robotROS2FeedbackControlExample_sfun_registry.obj
 0001:0000c410       _ssRegisterSymbolicDimsMultiply 000000018000d410 f   robotROS2FeedbackControlExample_sfun_registry.obj
 0001:0000c490       _ssRegisterSymbolicDimsDivide 000000018000d490 f   robotROS2FeedbackControlExample_sfun_registry.obj
 0001:0000c510       _ssGetNumSymbolicDims      000000018000d510 f   robotROS2FeedbackControlExample_sfun_registry.obj
 0001:0000c580       _ssGetSymbolicDim          000000018000d580 f   robotROS2FeedbackControlExample_sfun_registry.obj
 0001:0000c600       _ssSetInputPortSymbolicDimsId 000000018000d600 f   robotROS2FeedbackControlExample_sfun_registry.obj
 0001:0000c670       _ssGetCompInputPortSymbolicDimsId 000000018000d670 f   robotROS2FeedbackControlExample_sfun_registry.obj
 0001:0000c6e0       _ssSetCompInputPortSymbolicDimsId 000000018000d6e0 f   robotROS2FeedbackControlExample_sfun_registry.obj
 0001:0000c750       _ssSetOutputPortSymbolicDimsId 000000018000d750 f   robotROS2FeedbackControlExample_sfun_registry.obj
 0001:0000c7c0       _ssGetCompOutputPortSymbolicDimsId 000000018000d7c0 f   robotROS2FeedbackControlExample_sfun_registry.obj
 0001:0000c830       _ssSetCompOutputPortSymbolicDimsId 000000018000d830 f   robotROS2FeedbackControlExample_sfun_registry.obj
 0001:0000c8a0       _ssGetDWorkSymbolicDimsId  000000018000d8a0 f   robotROS2FeedbackControlExample_sfun_registry.obj
 0001:0000c910       _ssSetDWorkSymbolicDimsId  000000018000d910 f   robotROS2FeedbackControlExample_sfun_registry.obj
 0001:0000c980       _ssGetCompDWorkSymbolicDimsId 000000018000d980 f   robotROS2FeedbackControlExample_sfun_registry.obj
 0001:0000c9f0       _ssSetCompDWorkSymbolicDimsId 000000018000d9f0 f   robotROS2FeedbackControlExample_sfun_registry.obj
 0001:0000ca60       _ssCreateSLCGStringBuffer  000000018000da60 f   robotROS2FeedbackControlExample_sfun_registry.obj
 0001:0000cad0       _ssAddToSLCGStringBuffer   000000018000dad0 f   robotROS2FeedbackControlExample_sfun_registry.obj
 0001:0000cb40       _ssGetPointerContainedData 000000018000db40 f   robotROS2FeedbackControlExample_sfun_registry.obj
 0001:0000cbd0       _ssGetPointerContainedDataWidth 000000018000dbd0 f   robotROS2FeedbackControlExample_sfun_registry.obj
 0001:0000cc60       _ssRegisterDynamicArrayDataTypeFcn 000000018000dc60 f   robotROS2FeedbackControlExample_sfun_registry.obj
 0001:0000cd00       _ssGetDynamicArrayContainedDataCurrentWidthFcn 000000018000dd00 f   robotROS2FeedbackControlExample_sfun_registry.obj
 0001:0000cdd0       _ssGetDynamicArrayContainedDataFcn 000000018000ddd0 f   robotROS2FeedbackControlExample_sfun_registry.obj
 0001:0000cea0       _ssGetInputPortDynamicArrayDataFcn 000000018000dea0 f   robotROS2FeedbackControlExample_sfun_registry.obj
 0001:0000cf60       _ssGetOutputPortDynamicArrayDataFcn 000000018000df60 f   robotROS2FeedbackControlExample_sfun_registry.obj
 0001:0000d020       _ssGetInputPortDynamicArrayContainedDataFcn 000000018000e020 f   robotROS2FeedbackControlExample_sfun_registry.obj
 0001:0000d0e0       _ssGetOutputPortDynamicArrayContainedDataFcn 000000018000e0e0 f   robotROS2FeedbackControlExample_sfun_registry.obj
 0001:0000d1a0       _ssGetDynamicArrayDWorkContainedDataFcn 000000018000e1a0 f   robotROS2FeedbackControlExample_sfun_registry.obj
 0001:0000d260       ?sf_process_check_sum_call@@YAIHQEAPEAUmxArray_tag@@HQEAPEBU1@@Z 000000018000e260 f   robotROS2FeedbackControlExample_sfun_registry.obj
 0001:0000d2b0       ?sf_process_get_third_party_uses_info_call@@YAIHQEAPEAUmxArray_tag@@HQEAPEBU1@@Z 000000018000e2b0 f   robotROS2FeedbackControlExample_sfun_registry.obj
 0001:0000d4e0       ?sf_process_get_jit_fallback_info_call@@YAIHQEAPEAUmxArray_tag@@HQEAPEBU1@@Z 000000018000e4e0 f   robotROS2FeedbackControlExample_sfun_registry.obj
 0001:0000d710       ?sf_process_get_post_codegen_info_call@@YAIHQEAPEAUmxArray_tag@@HQEAPEBU1@@Z 000000018000e710 f   robotROS2FeedbackControlExample_sfun_registry.obj
 0001:0000d940       ?sf_process_get_updateBuildInfo_args_info_call@@YAIHQEAPEAUmxArray_tag@@HQEAPEBU1@@Z 000000018000e940 f   robotROS2FeedbackControlExample_sfun_registry.obj
 0001:0000db70       ?sf_process_get_eml_resolved_functions_info_call@@YAIHQEAPEAUmxArray_tag@@HQEAPEBU1@@Z 000000018000eb70 f   robotROS2FeedbackControlExample_sfun_registry.obj
 0001:0000dda0       ?sf_mex_unlock_call@@YAIHQEAPEAUmxArray_tag@@HQEAPEBU1@@Z 000000018000eda0 f   robotROS2FeedbackControlExample_sfun_registry.obj
 0001:0000dfc0       ?sf_machine_global_initializer_called@@YAIXZ 000000018000efc0 f   robotROS2FeedbackControlExample_sfun_registry.obj
 0001:0000dff0       sf_machine_global_method_dispatcher 000000018000eff0 f   robotROS2FeedbackControlExample_sfun_registry.obj
 0001:0000e050       sf_machine_global_terminator 000000018000f050 f   robotROS2FeedbackControlExample_sfun_registry.obj
 0001:0000e090       ?sf_register_machine_exported_symbols@@YAXPEAUSimStruct_tag@@@Z 000000018000f090 f   robotROS2FeedbackControlExample_sfun_registry.obj
 0001:0000e0b0       callCustomFcn              000000018000f0b0 f   robotROS2FeedbackControlExample_sfun_registry.obj
 0001:0000e0c0       sf_machine_global_initializer 000000018000f0c0 f   robotROS2FeedbackControlExample_sfun_registry.obj
 0001:0000e130       ?mdlGetSimState@@YAPEAUmxArray_tag@@PEAUSimStruct_tag@@@Z 000000018000f130 f   robotROS2FeedbackControlExample_sfun_registry.obj
 0001:0000e170       ?mdlSetSimState@@YAXPEAUSimStruct_tag@@PEBUmxArray_tag@@@Z 000000018000f170 f   robotROS2FeedbackControlExample_sfun_registry.obj
 0001:0000eb10       ?ProcessMexSfunctionEveryCall@@YAIHQEAPEAUmxArray_tag@@HQEAPEBU1@@Z 000000018000fb10 f   robotROS2FeedbackControlExample_sfun_registry.obj
 0001:0000fcd0       __local_stdio_printf_options 0000000180010cd0 f i robotROS2FeedbackControlExample_sfun_registry.obj
 0001:0000fce0       snprintf                   0000000180010ce0 f i robotROS2FeedbackControlExample_sfun_registry.obj
 0001:0000fd40       vsnprintf                  0000000180010d40 f i robotROS2FeedbackControlExample_sfun_registry.obj
 0001:0000fdc0       mexfilerequiredapiversion  0000000180010dc0 f   c_mexapi_version.obj
 0001:0000fdf0       ?getBitfieldFromFloat@@YAIM@Z 0000000180010df0 f   half_type.obj
 0001:0000fe20       ?getFloatFromBitfield@@YAMI@Z 0000000180010e20 f   half_type.obj
 0001:0000fe50       ??0real16_T@@QEAA@M@Z      0000000180010e50 f   half_type.obj
 0001:000100a0       ??0real16_T@@QEAA@N@Z      00000001800110a0 f   half_type.obj
 0001:00010390       ??Breal16_T@@QEBAMXZ       0000000180011390 f   half_type.obj
 0001:00010520       ??Breal16_T@@QEBANXZ       0000000180011520 f   half_type.obj
 0001:00010550       ??Hreal16_T@@QEBA?AV0@V0@@Z 0000000180011550 f   half_type.obj
 0001:000105b0       ??Greal16_T@@QEBA?AV0@V0@@Z 00000001800115b0 f   half_type.obj
 0001:00010610       ??Dreal16_T@@QEBA?AV0@V0@@Z 0000000180011610 f   half_type.obj
 0001:00010670       ??Kreal16_T@@QEBA?AV0@V0@@Z 0000000180011670 f   half_type.obj
 0001:000106d0       ??Hreal16_T@@QEBA?AV0@XZ   00000001800116d0 f   half_type.obj
 0001:00010700       ??Greal16_T@@QEBA?AV0@XZ   0000000180011700 f   half_type.obj
 0001:00010740       ??Ereal16_T@@QEAAAEAV0@XZ  0000000180011740 f   half_type.obj
 0001:00010790       ??Ereal16_T@@QEAA?AV0@H@Z  0000000180011790 f   half_type.obj
 0001:00010800       ??Freal16_T@@QEAAAEAV0@XZ  0000000180011800 f   half_type.obj
 0001:00010850       ??Freal16_T@@QEAA?AV0@H@Z  0000000180011850 f   half_type.obj
 0001:000108c0       ??8real16_T@@QEBAEV0@@Z    00000001800118c0 f   half_type.obj
 0001:00010920       ??9real16_T@@QEBAEV0@@Z    0000000180011920 f   half_type.obj
 0001:00010980       ??Preal16_T@@QEBAEV0@@Z    0000000180011980 f   half_type.obj
 0001:000109d0       ??Oreal16_T@@QEBAEV0@@Z    00000001800119d0 f   half_type.obj
 0001:00010a20       ??Nreal16_T@@QEBAEV0@@Z    0000000180011a20 f   half_type.obj
 0001:00010a70       ??Mreal16_T@@QEBAEV0@@Z    0000000180011a70 f   half_type.obj
 0001:00010ac0       ??4real16_T@@QEAAAEAV0@AEBV0@@Z 0000000180011ac0 f   half_type.obj
 0001:00010af0       ??4real16_T@@QECAXAEDV0@@Z 0000000180011af0 f   half_type.obj
 0001:00010b20       ??4real16_T@@QECAXAEBV0@@Z 0000000180011b20 f   half_type.obj
 0001:00010b50       ??Yreal16_T@@QEAAAEAV0@V0@@Z 0000000180011b50 f   half_type.obj
 0001:00010bb0       ??Zreal16_T@@QEAAAEAV0@V0@@Z 0000000180011bb0 f   half_type.obj
 0001:00010c10       ??Xreal16_T@@QEAAAEAV0@V0@@Z 0000000180011c10 f   half_type.obj
 0001:00010c70       ??_0real16_T@@QEAAAEAV0@V0@@Z 0000000180011c70 f   half_type.obj
 0001:00010cd0       ?getBitfieldFromHalf@@YAGVreal16_T@@@Z 0000000180011cd0 f   half_type.obj
 0001:00010cf0       ?getHalfFromBitfield@@YA?AVreal16_T@@G@Z 0000000180011cf0 f   half_type.obj
 0001:00010d30       ?halfToFloat@@YAMVreal16_T@@@Z 0000000180011d30 f   half_type.obj
 0001:00010d50       ?halfToDouble@@YANVreal16_T@@@Z 0000000180011d50 f   half_type.obj
 0001:00010d70       ?floatToHalf@@YA?AVreal16_T@@M@Z 0000000180011d70 f   half_type.obj
 0001:00010da0       ?doubleToHalf@@YA?AVreal16_T@@N@Z 0000000180011da0 f   half_type.obj
 0001:00010dd0       ?getBitPattern@real16_T@@QEBAGXZ 0000000180011dd0 f i half_type.obj
 0001:00010de0       ?setBitPattern@real16_T@@QEAAXG@Z 0000000180011de0 f i half_type.obj
 0001:00010df8       sf_load_rtw_optimization_info 0000000180011df8 f   sf_runtime:sf_runtime.dll
 0001:00010dfe       sf_mex_decode              0000000180011dfe f   sf_runtime:sf_runtime.dll
 0001:00010e04       sf_init_ChartRunTimeInfo   0000000180011e04 f   sf_runtime:sf_runtime.dll
 0001:00010e0a       sf_free_ChartRunTimeInfo   0000000180011e0a f   sf_runtime:sf_runtime.dll
 0001:00010e10       sf_reset_warnings_ChartRunTimeInfo 0000000180011e10 f   sf_runtime:sf_runtime.dll
 0001:00010e16       sfrtGetEmlrtCtx            0000000180011e16 f   sf_runtime:sf_runtime.dll
 0001:00010e1c       sfrtGetCovrtInstance       0000000180011e1c f   sf_runtime:sf_runtime.dll
 0001:00010e22       sf_get_chart_instance_ptr  0000000180011e22 f   sf_runtime:sf_runtime.dll
 0001:00010e28       sfSetAnimationVectors      0000000180011e28 f   sf_runtime:sf_runtime.dll
 0001:00010e2e       sim_mode_is_rtw_gen        0000000180011e2e f   sf_runtime:sf_runtime.dll
 0001:00010e34       sim_mode_is_external       0000000180011e34 f   sf_runtime:sf_runtime.dll
 0001:00010e3a       sf_clear_rtw_identifier    0000000180011e3a f   sf_runtime:sf_runtime.dll
 0001:00010e40       sf_get_time                0000000180011e40 f   sf_runtime:sf_runtime.dll
 0001:00010e46       sf_is_first_init_cond      0000000180011e46 f   sf_runtime:sf_runtime.dll
 0001:00010e4c       sfDoAnimationWrapper       0000000180011e4c f   sf_runtime:sf_runtime.dll
 0001:00010e52       setDataBrowseFcn           0000000180011e52 f   sf_runtime:sf_runtime.dll
 0001:00010e58       sf_set_work_widths         0000000180011e58 f   sf_runtime:sf_runtime.dll
 0001:00010e5e       mdlProcessParamsCommon     0000000180011e5e f   sf_runtime:sf_runtime.dll
 0001:00010e64       sfListenerCacheSimStruct   0000000180011e64 f   sf_runtime:sf_runtime.dll
 0001:00010e6a       sfListenerLightTerminate   0000000180011e6a f   sf_runtime:sf_runtime.dll
 0001:00010e70       sfListenerInitializeRuntimeVars 0000000180011e70 f   sf_runtime:sf_runtime.dll
 0001:00010e76       sf_mex_call                0000000180011e76 f   sf_runtime:sf_runtime.dll
 0001:00010e7c       sf_mex_error_message       0000000180011e7c f   sf_runtime:sf_runtime.dll
 0001:00010e82       sf_mex_create              0000000180011e82 f   sf_runtime:sf_runtime.dll
 0001:00010e88       sf_mex_createcellmatrix    0000000180011e88 f   sf_runtime:sf_runtime.dll
 0001:00010e8e       sf_mex_setcell             0000000180011e8e f   sf_runtime:sf_runtime.dll
 0001:00010e94       sf_mex_getcell             0000000180011e94 f   sf_runtime:sf_runtime.dll
 0001:00010e9a       sf_mex_assign              0000000180011e9a f   sf_runtime:sf_runtime.dll
 0001:00010ea0       sf_mex_dup                 0000000180011ea0 f   sf_runtime:sf_runtime.dll
 0001:00010ea6       sf_mex_destroy             0000000180011ea6 f   sf_runtime:sf_runtime.dll
 0001:00010eac       sf_mex_import              0000000180011eac f   sf_runtime:sf_runtime.dll
 0001:00010eb2       ssGetInputPortSignal_wrapper 0000000180011eb2 f   sf_runtime:sf_runtime.dll
 0001:00010eb8       ssGetOutputPortSignal_wrapper 0000000180011eb8 f   sf_runtime:sf_runtime.dll
 0001:00010ebe       sf_get_ChartInfoStruct_CodeGen 0000000180011ebe f   sf_runtime:sf_runtime.dll
 0001:00010ec4       sf_get_hasSeparateUpdateOutputs 0000000180011ec4 f   sf_runtime:sf_runtime.dll
 0001:00010eca       callMdlMethodAndReportError 0000000180011eca f   sf_runtime:sf_runtime.dll
 0001:00010ed0       call_sf_machine_global_method_dispatcher 0000000180011ed0 f   sf_runtime:sf_runtime.dll
 0001:00010ed6       getRuntimeInstanceInfoAsVoid 0000000180011ed6 f   sf_runtime:sf_runtime.dll
 0001:00010edc       sf_mex_error_direct_call   0000000180011edc f   sf_runtime:sf_runtime.dll
 0001:00010ee2       sf_clear_error_manager_info 0000000180011ee2 f   sf_runtime:sf_runtime.dll
 0001:00010ee8       mxIsChar_800               0000000180011ee8 f   libmx:libmx.dll
 0001:00010eee       mxGetScalar_800            0000000180011eee f   libmx:libmx.dll
 0001:00010ef4       mxGetPr_800                0000000180011ef4 f   libmx:libmx.dll
 0001:00010efa       mxDestroyArray_800         0000000180011efa f   libmx:libmx.dll
 0001:00010f00       mxCreateDoubleMatrix_800   0000000180011f00 f   libmx:libmx.dll
 0001:00010f06       mxGetString_800            0000000180011f06 f   libmx:libmx.dll
 0001:00010f0c       mxDuplicateArray_800       0000000180011f0c f   libmx:libmx.dll
 0001:00010f12       mxSetCell_800              0000000180011f12 f   libmx:libmx.dll
 0001:00010f18       mxSetField_800             0000000180011f18 f   libmx:libmx.dll
 0001:00010f1e       mxCreateString_800         0000000180011f1e f   libmx:libmx.dll
 0001:00010f24       mxCreateCellMatrix_800     0000000180011f24 f   libmx:libmx.dll
 0001:00010f2a       mxCreateStructMatrix_800   0000000180011f2a f   libmx:libmx.dll
 0001:00010f30       mxCalloc_800               0000000180011f30 f   libmx:libmx.dll
 0001:00010f36       mxGetM_800                 0000000180011f36 f   libmx:libmx.dll
 0001:00010f3c       mxGetClassID_800           0000000180011f3c f   libmx:libmx.dll
 0001:00010f42       mxIsNumeric_800            0000000180011f42 f   libmx:libmx.dll
 0001:00010f48       mxIsComplex_800            0000000180011f48 f   libmx:libmx.dll
 0001:00010f4e       mxGetN_800                 0000000180011f4e f   libmx:libmx.dll
 0001:00010f54       mxCreateDoubleScalar_800   0000000180011f54 f   libmx:libmx.dll
 0001:00010f5a       mexMakeArrayPersistent_800 0000000180011f5a f   libmex:libmex.dll
 0001:00010f60       mexErrMsgTxt_800           0000000180011f60 f   libmex:libmex.dll
 0001:00010f66       mexWarnMsgTxt_800          0000000180011f66 f   libmex:libmex.dll
 0001:00010f6c       mexCallMATLAB_800          0000000180011f6c f   libmex:libmex.dll
 0001:00010f72       mexLock_800                0000000180011f72 f   libmex:libmex.dll
 0001:00010f78       mexUnlock_800              0000000180011f78 f   libmex:libmex.dll
 0001:00010f7e       mexIsLocked_800            0000000180011f7e f   libmex:libmex.dll
 0001:00010f84       utMalloc                   0000000180011f84 f   libut:libut.dll
 0001:00010f8a       utFree                     0000000180011f8a f   libut:libut.dll
 0001:00010f90       muDoubleScalarAtan2        0000000180011f90 f   libmwmathutil:libmwmathutil.dll
 0001:00010f96       muDoubleScalarSign         0000000180011f96 f   libmwmathutil:libmwmathutil.dll
 0001:00010f9c       muDoubleScalarSqrt         0000000180011f9c f   libmwmathutil:libmwmathutil.dll
 0001:00010fa2       emlrtDimSizeImpxCheckR2021b 0000000180011fa2 f   libemlrt:libemlrt.dll
 0001:00010fa8       emlrtSubAssignSizeCheckR2012b 0000000180011fa8 f   libemlrt:libemlrt.dll
 0001:00010fae       covrtCreateStateflowInstanceData 0000000180011fae f   libcovrt:libcovrt.dll
 0001:00010fb4       covrtDeleteStateflowInstanceData 0000000180011fb4 f   libcovrt:libcovrt.dll
 0001:00010fba       covrtTransInitFcn          0000000180011fba f   libcovrt:libcovrt.dll
 0001:00010fc0       covrtStateInitFcn          0000000180011fc0 f   libcovrt:libcovrt.dll
 0001:00010fc6       covrtChartInitFcn          0000000180011fc6 f   libcovrt:libcovrt.dll
 0001:00010fcc       covrtSigUpdateFcn          0000000180011fcc f   libcovrt:libcovrt.dll
 0001:00010fd2       covrtEmlInitFcn            0000000180011fd2 f   libcovrt:libcovrt.dll
 0001:00010fd8       covrtEmlFcnInitFcn         0000000180011fd8 f   libcovrt:libcovrt.dll
 0001:00010fde       covrtEmlFcnEval            0000000180011fde f   libcovrt:libcovrt.dll
 0001:00010fe4       __raise_securityfailure    0000000180011fe4 f   MSVCRT:gs_report.obj
 0001:00011018       __report_gsfailure         0000000180012018 f   MSVCRT:gs_report.obj
 0001:000110ec       __report_rangecheckfailure 00000001800120ec f   MSVCRT:gs_report.obj
 0001:00011100       __report_securityfailure   0000000180012100 f   MSVCRT:gs_report.obj
 0001:000111a0       __report_securityfailureEx 00000001800121a0 f   MSVCRT:gs_report.obj
 0001:00011394       __GSHandlerCheck           0000000180012394 f   MSVCRT:gshandler.obj
 0001:000113b4       __GSHandlerCheckCommon     00000001800123b4 f   MSVCRT:gshandler.obj
 0001:00011420       __security_check_cookie    0000000180012420 f   MSVCRT:amdsecgs.obj
 0001:0001176c       _CRT_INIT                  000000018001276c f   MSVCRT:dll_dllmain.obj
 0001:00011774       _DllMainCRTStartup         0000000180012774 f   MSVCRT:dll_dllmain.obj
 0001:00011820       __security_init_cookie     0000000180012820 f   MSVCRT:gs_support.obj
 0001:000118cc       DllMain                    00000001800128cc f   MSVCRT:dll_dllmain_stub.obj
 0001:000118f0       ?__scrt_initialize_type_info@@YAXXZ 00000001800128f0 f   MSVCRT:tncleanup.obj
 0001:00011900       ?__scrt_uninitialize_type_info@@YAXXZ 0000000180012900 f   MSVCRT:tncleanup.obj
 0001:0001190c       __local_stdio_scanf_options 000000018001290c f i MSVCRT:default_local_stdio_options.obj
 0001:00011914       __scrt_initialize_default_local_stdio_options 0000000180012914 f   MSVCRT:default_local_stdio_options.obj
 0001:00011930       ?configure_argv@__scrt_narrow_argv_policy@@SAHXZ 0000000180012930 f i MSVCRT:utility.obj
 0001:00011990       ?initialize_environment@__scrt_narrow_environment_policy@@SAHXZ 0000000180012990 f i MSVCRT:utility.obj
 0001:000119c8       NtCurrentTeb               00000001800129c8 f i MSVCRT:utility.obj
 0001:000119d4       __scrt_acquire_startup_lock 00000001800129d4 f   MSVCRT:utility.obj
 0001:00011a10       __scrt_dllmain_after_initialize_c 0000000180012a10 f   MSVCRT:utility.obj
 0001:00011a44       __scrt_dllmain_before_initialize_c 0000000180012a44 f   MSVCRT:utility.obj
 0001:00011a5c       __scrt_dllmain_crt_thread_attach 0000000180012a5c f   MSVCRT:utility.obj
 0001:00011a84       __scrt_dllmain_crt_thread_detach 0000000180012a84 f   MSVCRT:utility.obj
 0001:00011a9c       __scrt_dllmain_exception_filter 0000000180012a9c f   MSVCRT:utility.obj
 0001:00011afc       __scrt_dllmain_uninitialize_c 0000000180012afc f   MSVCRT:utility.obj
 0001:00011b2c       __scrt_dllmain_uninitialize_critical 0000000180012b2c f   MSVCRT:utility.obj
 0001:00011b40       __scrt_initialize_crt      0000000180012b40 f   MSVCRT:utility.obj
 0001:00011b7c       __scrt_initialize_onexit_tables 0000000180012b7c f   MSVCRT:utility.obj
 0001:00011c08       __scrt_is_nonwritable_in_current_image 0000000180012c08 f   MSVCRT:utility.obj
 0001:00011ca0       __scrt_release_startup_lock 0000000180012ca0 f   MSVCRT:utility.obj
 0001:00011cc4       __scrt_uninitialize_crt    0000000180012cc4 f   MSVCRT:utility.obj
 0001:00011cf0       _onexit                    0000000180012cf0 f   MSVCRT:utility.obj
 0001:00011d2c       at_quick_exit              0000000180012d2c f   MSVCRT:utility.obj
 0001:00011d4c       atexit                     0000000180012d4c f   MSVCRT:utility.obj
 0001:00011d64       __scrt_get_dyn_tls_init_callback 0000000180012d64 f   MSVCRT:dyn_tls_init.obj
 0001:00011d6c       __crt_debugger_hook        0000000180012d6c f   MSVCRT:utility_desktop.obj
 0001:00011d74       __scrt_fastfail            0000000180012d74 f   MSVCRT:utility_desktop.obj
 0001:00011ebc       __scrt_get_show_window_mode 0000000180012ebc f   MSVCRT:utility_desktop.obj
 0001:00011ef8       __scrt_initialize_mta      0000000180012ef8 f   MSVCRT:utility_desktop.obj
 0001:00011f00       __scrt_initialize_winrt    0000000180012f00 f   MSVCRT:utility_desktop.obj
 0001:00011f04       __scrt_is_managed_app      0000000180012f04 f   MSVCRT:utility_desktop.obj
 0001:00011f58       __scrt_set_unhandled_exception_filter 0000000180012f58 f   MSVCRT:utility_desktop.obj
 0001:00011f68       __scrt_exe_initialize_mta  0000000180012f68 f   MSVCRT:utility_desktop.obj
 0001:00011f68       __scrt_stub_for_initialize_mta 0000000180012f68 f   MSVCRT:utility_desktop.obj
 0001:00011f6c       __scrt_unhandled_exception_filter 0000000180012f6c f   MSVCRT:utility_desktop.obj
 0001:00011fc8       _RTC_Initialize            0000000180012fc8 f   MSVCRT:initsect.obj
 0001:00012004       _RTC_Terminate             0000000180013004 f   MSVCRT:initsect.obj
 0001:00012040       _guard_check_icall_nop     0000000180013040 f i MSVCRT:guard_support.obj
 0001:00012044       ReadNoFence64              0000000180013044 f i MSVCRT:guard_support.obj
 0001:00012048       ReadPointerNoFence         0000000180013048 f i MSVCRT:guard_support.obj
 0001:0001204c       __castguard_check_failure_debugbreak 000000018001304c f i MSVCRT:guard_support.obj
 0001:00012068       __castguard_check_failure_fastfail 0000000180013068 f i MSVCRT:guard_support.obj
 0001:0001208c       __castguard_check_failure_nop 000000018001308c f i MSVCRT:guard_support.obj
 0001:00012090       __castguard_check_failure_os_handled 0000000180013090 f i MSVCRT:guard_support.obj
 0001:000120dc       __castguard_check_failure_user_handled 00000001800130dc f i MSVCRT:guard_support.obj
 0001:00012150       __castguard_set_user_handler 0000000180013150 f i MSVCRT:guard_support.obj
 0001:0001215c       __castguard_slow_path_check_debugbreak 000000018001315c f i MSVCRT:guard_support.obj
 0001:00012190       __castguard_slow_path_check_fastfail 0000000180013190 f i MSVCRT:guard_support.obj
 0001:000121cc       __castguard_slow_path_check_nop 00000001800131cc f i MSVCRT:guard_support.obj
 0001:000121d0       __castguard_slow_path_check_os_handled 00000001800131d0 f i MSVCRT:guard_support.obj
 0001:0001221c       __castguard_slow_path_check_user_handled 000000018001321c f i MSVCRT:guard_support.obj
 0001:00012288       _guard_icall_checks_enforced 0000000180013288 f i MSVCRT:guard_support.obj
 0001:000122a0       _guard_rf_checks_enforced  00000001800132a0 f i MSVCRT:guard_support.obj
 0001:000122a4       __isa_available_init       00000001800132a4 f   MSVCRT:cpu_disp.obj
 0001:00012570       _get_startup_argv_mode     0000000180013570 f   MSVCRT:argv_mode.obj
 0001:00012578       __scrt_is_ucrt_dll_in_use  0000000180013578 f   MSVCRT:ucrt_detection.obj
 0001:00012590       RtlCaptureContext          0000000180013590 f   kernel32:KERNEL32.dll
 0001:00012596       RtlLookupFunctionEntry     0000000180013596 f   kernel32:KERNEL32.dll
 0001:0001259c       RtlVirtualUnwind           000000018001359c f   kernel32:KERNEL32.dll
 0001:000125a2       UnhandledExceptionFilter   00000001800135a2 f   kernel32:KERNEL32.dll
 0001:000125a8       SetUnhandledExceptionFilter 00000001800135a8 f   kernel32:KERNEL32.dll
 0001:000125ae       GetCurrentProcess          00000001800135ae f   kernel32:KERNEL32.dll
 0001:000125b4       TerminateProcess           00000001800135b4 f   kernel32:KERNEL32.dll
 0001:000125ba       IsProcessorFeaturePresent  00000001800135ba f   kernel32:KERNEL32.dll
 0001:000125c0       QueryPerformanceCounter    00000001800135c0 f   kernel32:KERNEL32.dll
 0001:000125c6       GetCurrentProcessId        00000001800135c6 f   kernel32:KERNEL32.dll
 0001:000125cc       GetCurrentThreadId         00000001800135cc f   kernel32:KERNEL32.dll
 0001:000125d2       GetSystemTimeAsFileTime    00000001800135d2 f   kernel32:KERNEL32.dll
 0001:000125d8       DisableThreadLibraryCalls  00000001800135d8 f   kernel32:KERNEL32.dll
 0001:000125de       InitializeSListHead        00000001800135de f   kernel32:KERNEL32.dll
 0001:000125e4       IsDebuggerPresent          00000001800135e4 f   kernel32:KERNEL32.dll
 0001:000125ea       GetStartupInfoW            00000001800135ea f   kernel32:KERNEL32.dll
 0001:000125f0       GetModuleHandleW           00000001800135f0 f   kernel32:KERNEL32.dll
 0001:000125f6       memset                     00000001800135f6 f   vcruntime:VCRUNTIME140.dll
 0001:000125fc       memcpy                     00000001800135fc f   vcruntime:VCRUNTIME140.dll
 0001:00012602       __C_specific_handler       0000000180013602 f   vcruntime:VCRUNTIME140.dll
 0001:00012608       __std_type_info_destroy_list 0000000180013608 f   vcruntime:VCRUNTIME140.dll
 0001:0001260e       __current_exception        000000018001360e f   vcruntime:VCRUNTIME140.dll
 0001:00012614       __current_exception_context 0000000180013614 f   vcruntime:VCRUNTIME140.dll
 0001:0001261a       strcmp                     000000018001361a f   ucrt:api-ms-win-crt-string-l1-1-0.dll
 0001:00012620       strcat                     0000000180013620 f   ucrt:api-ms-win-crt-string-l1-1-0.dll
 0001:00012626       __stdio_common_vsprintf    0000000180013626 f   ucrt:api-ms-win-crt-stdio-l1-1-0.dll
 0001:0001262c       free                       000000018001362c f   ucrt:api-ms-win-crt-heap-l1-1-0.dll
 0001:00012632       malloc                     0000000180013632 f   ucrt:api-ms-win-crt-heap-l1-1-0.dll
 0001:00012638       strlen                     0000000180013638 f   ucrt:api-ms-win-crt-string-l1-1-0.dll
 0001:0001263e       _initterm                  000000018001363e f   ucrt:api-ms-win-crt-runtime-l1-1-0.dll
 0001:00012644       _initterm_e                0000000180013644 f   ucrt:api-ms-win-crt-runtime-l1-1-0.dll
 0001:0001264a       _seh_filter_dll            000000018001364a f   ucrt:api-ms-win-crt-runtime-l1-1-0.dll
 0001:00012650       _configure_narrow_argv     0000000180013650 f   ucrt:api-ms-win-crt-runtime-l1-1-0.dll
 0001:00012656       _initialize_narrow_environment 0000000180013656 f   ucrt:api-ms-win-crt-runtime-l1-1-0.dll
 0001:0001265c       _initialize_onexit_table   000000018001365c f   ucrt:api-ms-win-crt-runtime-l1-1-0.dll
 0001:00012662       _register_onexit_function  0000000180013662 f   ucrt:api-ms-win-crt-runtime-l1-1-0.dll
 0001:00012668       _execute_onexit_table      0000000180013668 f   ucrt:api-ms-win-crt-runtime-l1-1-0.dll
 0001:0001266e       _crt_atexit                000000018001366e f   ucrt:api-ms-win-crt-runtime-l1-1-0.dll
 0001:00012674       _crt_at_quick_exit         0000000180013674 f   ucrt:api-ms-win-crt-runtime-l1-1-0.dll
 0001:0001267a       _cexit                     000000018001367a f   ucrt:api-ms-win-crt-runtime-l1-1-0.dll
 0001:00012680       terminate                  0000000180013680 f   ucrt:api-ms-win-crt-runtime-l1-1-0.dll
 0001:00012688       __acrt_initialize          0000000180013688 f   MSVCRT:ucrt_stubs.obj
 0001:00012688       __scrt_stub_for_acrt_initialize 0000000180013688 f   MSVCRT:ucrt_stubs.obj
 0001:00012688       __vcrt_initialize          0000000180013688 f   MSVCRT:ucrt_stubs.obj
 0001:0001268c       __acrt_thread_attach       000000018001368c f   MSVCRT:ucrt_stubs.obj
 0001:0001268c       __scrt_stub_for_acrt_thread_attach 000000018001368c f   MSVCRT:ucrt_stubs.obj
 0001:0001268c       __vcrt_thread_attach       000000018001368c f   MSVCRT:ucrt_stubs.obj
 0001:00012690       __acrt_thread_detach       0000000180013690 f   MSVCRT:ucrt_stubs.obj
 0001:00012690       __scrt_stub_for_acrt_thread_detach 0000000180013690 f   MSVCRT:ucrt_stubs.obj
 0001:00012690       __vcrt_thread_detach       0000000180013690 f   MSVCRT:ucrt_stubs.obj
 0001:00012694       __acrt_uninitialize        0000000180013694 f   MSVCRT:ucrt_stubs.obj
 0001:00012694       __scrt_stub_for_acrt_uninitialize 0000000180013694 f   MSVCRT:ucrt_stubs.obj
 0001:00012694       __vcrt_uninitialize        0000000180013694 f   MSVCRT:ucrt_stubs.obj
 0001:00012698       __acrt_uninitialize_critical 0000000180013698 f   MSVCRT:ucrt_stubs.obj
 0001:00012698       __scrt_stub_for_acrt_uninitialize_critical 0000000180013698 f   MSVCRT:ucrt_stubs.obj
 0001:00012698       __vcrt_uninitialize_critical 0000000180013698 f   MSVCRT:ucrt_stubs.obj
 0001:0001269c       __scrt_stub_for_is_c_termination_complete 000000018001369c f   MSVCRT:ucrt_stubs.obj
 0001:0001269c       _is_c_termination_complete 000000018001369c f   MSVCRT:ucrt_stubs.obj
 0001:000126b0       _guard_dispatch_icall_nop  00000001800136b0 f   MSVCRT:guard_dispatch.obj
 0001:000126d0       _guard_xfg_dispatch_icall_nop 00000001800136d0 f   MSVCRT:guard_xfg_dispatch.obj
 0002:00000000       __imp_DisableThreadLibraryCalls 0000000180014000     kernel32:KERNEL32.dll
 0002:00000008       __imp_IsProcessorFeaturePresent 0000000180014008     kernel32:KERNEL32.dll
 0002:00000010       __imp_RtlCaptureContext    0000000180014010     kernel32:KERNEL32.dll
 0002:00000018       __imp_RtlLookupFunctionEntry 0000000180014018     kernel32:KERNEL32.dll
 0002:00000020       __imp_QueryPerformanceCounter 0000000180014020     kernel32:KERNEL32.dll
 0002:00000028       __imp_GetCurrentProcessId  0000000180014028     kernel32:KERNEL32.dll
 0002:00000030       __imp_GetCurrentThreadId   0000000180014030     kernel32:KERNEL32.dll
 0002:00000038       __imp_GetSystemTimeAsFileTime 0000000180014038     kernel32:KERNEL32.dll
 0002:00000040       __imp_InitializeSListHead  0000000180014040     kernel32:KERNEL32.dll
 0002:00000048       __imp_IsDebuggerPresent    0000000180014048     kernel32:KERNEL32.dll
 0002:00000050       __imp_GetStartupInfoW      0000000180014050     kernel32:KERNEL32.dll
 0002:00000058       __imp_GetModuleHandleW     0000000180014058     kernel32:KERNEL32.dll
 0002:00000060       __imp_GetCurrentProcess    0000000180014060     kernel32:KERNEL32.dll
 0002:00000068       __imp_SetUnhandledExceptionFilter 0000000180014068     kernel32:KERNEL32.dll
 0002:00000070       __imp_UnhandledExceptionFilter 0000000180014070     kernel32:KERNEL32.dll
 0002:00000078       __imp_RtlVirtualUnwind     0000000180014078     kernel32:KERNEL32.dll
 0002:00000080       __imp_TerminateProcess     0000000180014080     kernel32:KERNEL32.dll
 0002:00000088       \177KERNEL32_NULL_THUNK_DATA 0000000180014088     kernel32:KERNEL32.dll
 0002:00000090       __imp_memset               0000000180014090     vcruntime:VCRUNTIME140.dll
 0002:00000098       __imp_memcpy               0000000180014098     vcruntime:VCRUNTIME140.dll
 0002:000000a0       __imp___C_specific_handler 00000001800140a0     vcruntime:VCRUNTIME140.dll
 0002:000000a8       __imp___std_type_info_destroy_list 00000001800140a8     vcruntime:VCRUNTIME140.dll
 0002:000000b0       __imp___current_exception  00000001800140b0     vcruntime:VCRUNTIME140.dll
 0002:000000b8       __imp___current_exception_context 00000001800140b8     vcruntime:VCRUNTIME140.dll
 0002:000000c0       \177VCRUNTIME140_NULL_THUNK_DATA 00000001800140c0     vcruntime:VCRUNTIME140.dll
 0002:000000c8       __imp_malloc               00000001800140c8     ucrt:api-ms-win-crt-heap-l1-1-0.dll
 0002:000000d0       __imp_free                 00000001800140d0     ucrt:api-ms-win-crt-heap-l1-1-0.dll
 0002:000000d8       \177api-ms-win-crt-heap-l1-1-0_NULL_THUNK_DATA 00000001800140d8     ucrt:api-ms-win-crt-heap-l1-1-0.dll
 0002:000000e0       __imp__configure_narrow_argv 00000001800140e0     ucrt:api-ms-win-crt-runtime-l1-1-0.dll
 0002:000000e8       __imp__initialize_narrow_environment 00000001800140e8     ucrt:api-ms-win-crt-runtime-l1-1-0.dll
 0002:000000f0       __imp__initialize_onexit_table 00000001800140f0     ucrt:api-ms-win-crt-runtime-l1-1-0.dll
 0002:000000f8       __imp__register_onexit_function 00000001800140f8     ucrt:api-ms-win-crt-runtime-l1-1-0.dll
 0002:00000100       __imp__execute_onexit_table 0000000180014100     ucrt:api-ms-win-crt-runtime-l1-1-0.dll
 0002:00000108       __imp__seh_filter_dll      0000000180014108     ucrt:api-ms-win-crt-runtime-l1-1-0.dll
 0002:00000110       __imp__initterm_e          0000000180014110     ucrt:api-ms-win-crt-runtime-l1-1-0.dll
 0002:00000118       __imp__crt_atexit          0000000180014118     ucrt:api-ms-win-crt-runtime-l1-1-0.dll
 0002:00000120       __imp__crt_at_quick_exit   0000000180014120     ucrt:api-ms-win-crt-runtime-l1-1-0.dll
 0002:00000128       __imp__cexit               0000000180014128     ucrt:api-ms-win-crt-runtime-l1-1-0.dll
 0002:00000130       __imp_terminate            0000000180014130     ucrt:api-ms-win-crt-runtime-l1-1-0.dll
 0002:00000138       __imp__initterm            0000000180014138     ucrt:api-ms-win-crt-runtime-l1-1-0.dll
 0002:00000140       \177api-ms-win-crt-runtime-l1-1-0_NULL_THUNK_DATA 0000000180014140     ucrt:api-ms-win-crt-runtime-l1-1-0.dll
 0002:00000148       __imp___stdio_common_vsprintf 0000000180014148     ucrt:api-ms-win-crt-stdio-l1-1-0.dll
 0002:00000150       \177api-ms-win-crt-stdio-l1-1-0_NULL_THUNK_DATA 0000000180014150     ucrt:api-ms-win-crt-stdio-l1-1-0.dll
 0002:00000158       __imp_strlen               0000000180014158     ucrt:api-ms-win-crt-string-l1-1-0.dll
 0002:00000160       __imp_strcat               0000000180014160     ucrt:api-ms-win-crt-string-l1-1-0.dll
 0002:00000168       __imp_strcmp               0000000180014168     ucrt:api-ms-win-crt-string-l1-1-0.dll
 0002:00000170       \177api-ms-win-crt-string-l1-1-0_NULL_THUNK_DATA 0000000180014170     ucrt:api-ms-win-crt-string-l1-1-0.dll
 0002:00000178       __imp_covrtCreateStateflowInstanceData 0000000180014178     libcovrt:libcovrt.dll
 0002:00000180       __imp_covrtEmlFcnEval      0000000180014180     libcovrt:libcovrt.dll
 0002:00000188       __imp_covrtEmlFcnInitFcn   0000000180014188     libcovrt:libcovrt.dll
 0002:00000190       __imp_covrtEmlInitFcn      0000000180014190     libcovrt:libcovrt.dll
 0002:00000198       __imp_covrtSigUpdateFcn    0000000180014198     libcovrt:libcovrt.dll
 0002:000001a0       __imp_covrtChartInitFcn    00000001800141a0     libcovrt:libcovrt.dll
 0002:000001a8       __imp_covrtStateInitFcn    00000001800141a8     libcovrt:libcovrt.dll
 0002:000001b0       __imp_covrtTransInitFcn    00000001800141b0     libcovrt:libcovrt.dll
 0002:000001b8       __imp_covrtDeleteStateflowInstanceData 00000001800141b8     libcovrt:libcovrt.dll
 0002:000001c0       \177libcovrt_NULL_THUNK_DATA 00000001800141c0     libcovrt:libcovrt.dll
 0002:000001c8       __imp_emlrtSubAssignSizeCheckR2012b 00000001800141c8     libemlrt:libemlrt.dll
 0002:000001d0       __imp_emlrtDimSizeImpxCheckR2021b 00000001800141d0     libemlrt:libemlrt.dll
 0002:000001d8       \177libemlrt_NULL_THUNK_DATA 00000001800141d8     libemlrt:libemlrt.dll
 0002:000001e0       __imp_mexUnlock_800        00000001800141e0     libmex:libmex.dll
 0002:000001e8       __imp_mexMakeArrayPersistent_800 00000001800141e8     libmex:libmex.dll
 0002:000001f0       __imp_mexErrMsgTxt_800     00000001800141f0     libmex:libmex.dll
 0002:000001f8       __imp_mexWarnMsgTxt_800    00000001800141f8     libmex:libmex.dll
 0002:00000200       __imp_mexCallMATLAB_800    0000000180014200     libmex:libmex.dll
 0002:00000208       __imp_mexLock_800          0000000180014208     libmex:libmex.dll
 0002:00000210       __imp_mexIsLocked_800      0000000180014210     libmex:libmex.dll
 0002:00000218       \177libmex_NULL_THUNK_DATA 0000000180014218     libmex:libmex.dll
 0002:00000220       __imp_muDoubleScalarSqrt   0000000180014220     libmwmathutil:libmwmathutil.dll
 0002:00000228       __imp_muDoubleScalarSign   0000000180014228     libmwmathutil:libmwmathutil.dll
 0002:00000230       __imp_muDoubleScalarAtan2  0000000180014230     libmwmathutil:libmwmathutil.dll
 0002:00000238       \177libmwmathutil_NULL_THUNK_DATA 0000000180014238     libmwmathutil:libmwmathutil.dll
 0002:00000240       __imp_mxDestroyArray_800   0000000180014240     libmx:libmx.dll
 0002:00000248       __imp_mxGetPr_800          0000000180014248     libmx:libmx.dll
 0002:00000250       __imp_mxGetScalar_800      0000000180014250     libmx:libmx.dll
 0002:00000258       __imp_mxGetM_800           0000000180014258     libmx:libmx.dll
 0002:00000260       __imp_mxCreateDoubleScalar_800 0000000180014260     libmx:libmx.dll
 0002:00000268       __imp_mxGetN_800           0000000180014268     libmx:libmx.dll
 0002:00000270       __imp_mxIsComplex_800      0000000180014270     libmx:libmx.dll
 0002:00000278       __imp_mxIsNumeric_800      0000000180014278     libmx:libmx.dll
 0002:00000280       __imp_mxGetClassID_800     0000000180014280     libmx:libmx.dll
 0002:00000288       __imp_mxIsChar_800         0000000180014288     libmx:libmx.dll
 0002:00000290       __imp_mxCalloc_800         0000000180014290     libmx:libmx.dll
 0002:00000298       __imp_mxCreateStructMatrix_800 0000000180014298     libmx:libmx.dll
 0002:000002a0       __imp_mxCreateCellMatrix_800 00000001800142a0     libmx:libmx.dll
 0002:000002a8       __imp_mxCreateString_800   00000001800142a8     libmx:libmx.dll
 0002:000002b0       __imp_mxSetField_800       00000001800142b0     libmx:libmx.dll
 0002:000002b8       __imp_mxSetCell_800        00000001800142b8     libmx:libmx.dll
 0002:000002c0       __imp_mxDuplicateArray_800 00000001800142c0     libmx:libmx.dll
 0002:000002c8       __imp_mxGetString_800      00000001800142c8     libmx:libmx.dll
 0002:000002d0       __imp_mxCreateDoubleMatrix_800 00000001800142d0     libmx:libmx.dll
 0002:000002d8       \177libmx_NULL_THUNK_DATA  00000001800142d8     libmx:libmx.dll
 0002:000002e0       __imp_utMalloc             00000001800142e0     libut:libut.dll
 0002:000002e8       __imp_utFree               00000001800142e8     libut:libut.dll
 0002:000002f0       \177libut_NULL_THUNK_DATA  00000001800142f0     libut:libut.dll
 0002:000002f8       __imp_sf_mex_decode        00000001800142f8     sf_runtime:sf_runtime.dll
 0002:00000300       __imp_sf_clear_error_manager_info 0000000180014300     sf_runtime:sf_runtime.dll
 0002:00000308       __imp_sf_mex_error_direct_call 0000000180014308     sf_runtime:sf_runtime.dll
 0002:00000310       __imp_getRuntimeInstanceInfoAsVoid 0000000180014310     sf_runtime:sf_runtime.dll
 0002:00000318       __imp_call_sf_machine_global_method_dispatcher 0000000180014318     sf_runtime:sf_runtime.dll
 0002:00000320       __imp_callMdlMethodAndReportError 0000000180014320     sf_runtime:sf_runtime.dll
 0002:00000328       __imp_sf_get_hasSeparateUpdateOutputs 0000000180014328     sf_runtime:sf_runtime.dll
 0002:00000330       __imp_sf_get_ChartInfoStruct_CodeGen 0000000180014330     sf_runtime:sf_runtime.dll
 0002:00000338       __imp_ssGetOutputPortSignal_wrapper 0000000180014338     sf_runtime:sf_runtime.dll
 0002:00000340       __imp_ssGetInputPortSignal_wrapper 0000000180014340     sf_runtime:sf_runtime.dll
 0002:00000348       __imp_sf_mex_import        0000000180014348     sf_runtime:sf_runtime.dll
 0002:00000350       __imp_sf_mex_destroy       0000000180014350     sf_runtime:sf_runtime.dll
 0002:00000358       __imp_sf_mex_dup           0000000180014358     sf_runtime:sf_runtime.dll
 0002:00000360       __imp_sf_mex_assign        0000000180014360     sf_runtime:sf_runtime.dll
 0002:00000368       __imp_sf_mex_getcell       0000000180014368     sf_runtime:sf_runtime.dll
 0002:00000370       __imp_sf_mex_setcell       0000000180014370     sf_runtime:sf_runtime.dll
 0002:00000378       __imp_sf_mex_createcellmatrix 0000000180014378     sf_runtime:sf_runtime.dll
 0002:00000380       __imp_sf_mex_create        0000000180014380     sf_runtime:sf_runtime.dll
 0002:00000388       __imp_sf_mex_error_message 0000000180014388     sf_runtime:sf_runtime.dll
 0002:00000390       __imp_sf_mex_call          0000000180014390     sf_runtime:sf_runtime.dll
 0002:00000398       __imp_sfListenerInitializeRuntimeVars 0000000180014398     sf_runtime:sf_runtime.dll
 0002:000003a0       __imp_sfListenerLightTerminate 00000001800143a0     sf_runtime:sf_runtime.dll
 0002:000003a8       __imp_sfListenerCacheSimStruct 00000001800143a8     sf_runtime:sf_runtime.dll
 0002:000003b0       __imp_mdlProcessParamsCommon 00000001800143b0     sf_runtime:sf_runtime.dll
 0002:000003b8       __imp_sf_set_work_widths   00000001800143b8     sf_runtime:sf_runtime.dll
 0002:000003c0       __imp_setDataBrowseFcn     00000001800143c0     sf_runtime:sf_runtime.dll
 0002:000003c8       __imp_sfDoAnimationWrapper 00000001800143c8     sf_runtime:sf_runtime.dll
 0002:000003d0       __imp_sf_is_first_init_cond 00000001800143d0     sf_runtime:sf_runtime.dll
 0002:000003d8       __imp_sf_get_time          00000001800143d8     sf_runtime:sf_runtime.dll
 0002:000003e0       __imp_sf_clear_rtw_identifier 00000001800143e0     sf_runtime:sf_runtime.dll
 0002:000003e8       __imp_sim_mode_is_external 00000001800143e8     sf_runtime:sf_runtime.dll
 0002:000003f0       __imp_sim_mode_is_rtw_gen  00000001800143f0     sf_runtime:sf_runtime.dll
 0002:000003f8       __imp_sfSetAnimationVectors 00000001800143f8     sf_runtime:sf_runtime.dll
 0002:00000400       __imp_sf_get_chart_instance_ptr 0000000180014400     sf_runtime:sf_runtime.dll
 0002:00000408       __imp_sfrtGetCovrtInstance 0000000180014408     sf_runtime:sf_runtime.dll
 0002:00000410       __imp_sfrtGetEmlrtCtx      0000000180014410     sf_runtime:sf_runtime.dll
 0002:00000418       __imp_sf_reset_warnings_ChartRunTimeInfo 0000000180014418     sf_runtime:sf_runtime.dll
 0002:00000420       __imp_sf_free_ChartRunTimeInfo 0000000180014420     sf_runtime:sf_runtime.dll
 0002:00000428       __imp_sf_init_ChartRunTimeInfo 0000000180014428     sf_runtime:sf_runtime.dll
 0002:00000430       __imp_sf_load_rtw_optimization_info 0000000180014430     sf_runtime:sf_runtime.dll
 0002:00000438       \177sf_runtime_NULL_THUNK_DATA 0000000180014438     sf_runtime:sf_runtime.dll
 0002:00000440       __guard_check_icall_fptr   0000000180014440     MSVCRT:guard_support.obj
 0002:00000448       __guard_xfg_check_icall_fptr 0000000180014448     MSVCRT:guard_support.obj
 0002:00000450       __guard_dispatch_icall_fptr 0000000180014450     MSVCRT:guard_support.obj
 0002:00000458       __guard_xfg_dispatch_icall_fptr 0000000180014458     MSVCRT:guard_support.obj
 0002:00000460       __guard_xfg_table_dispatch_icall_fptr 0000000180014460     MSVCRT:guard_support.obj
 0002:00000468       __castguard_check_failure_os_handled_fptr 0000000180014468     MSVCRT:guard_support.obj
 0002:00000470       __guard_memcpy_fptr        0000000180014470     vcruntime:softmemtag.obj
 0002:00000478       __xc_a                     0000000180014478     MSVCRT:initializers.obj
 0002:00000480       __xc_z                     0000000180014480     MSVCRT:initializers.obj
 0002:00000488       __xi_a                     0000000180014488     MSVCRT:initializers.obj
 0002:00000490       __xi_z                     0000000180014490     MSVCRT:initializers.obj
 0002:00000498       __xp_a                     0000000180014498     MSVCRT:initializers.obj
 0002:000004a0       __xp_z                     00000001800144a0     MSVCRT:initializers.obj
 0002:000004a8       __xt_a                     00000001800144a8     MSVCRT:initializers.obj
 0002:000004b0       __xt_z                     00000001800144b0     MSVCRT:initializers.obj
 0002:00000640       __real@41a36cbbfc000000    0000000180014640     robotROS2FeedbackControlExample_sfun.obj
 0002:00000648       __real@41d08e6410400000    0000000180014648     robotROS2FeedbackControlExample_sfun.obj
 0002:00000650       __real@41d11f06ecc00000    0000000180014650     robotROS2FeedbackControlExample_sfun.obj
 0002:00000658       __real@41d33d1966400000    0000000180014658     robotROS2FeedbackControlExample_sfun.obj
 0002:00000660       __real@41d9ecf6eec00000    0000000180014660     robotROS2FeedbackControlExample_sfun.obj
 0002:00000668       __real@41db973523400000    0000000180014668     robotROS2FeedbackControlExample_sfun.obj
 0002:00000670       __real@41e469373b200000    0000000180014670     robotROS2FeedbackControlExample_sfun.obj
 0002:00000678       __real@41e4d85553600000    0000000180014678     robotROS2FeedbackControlExample_sfun.obj
 0002:00000680       __real@41e8606d93200000    0000000180014680     robotROS2FeedbackControlExample_sfun.obj
 0002:00000688       __real@41eb95d41ee00000    0000000180014688     robotROS2FeedbackControlExample_sfun.obj
 0002:00000690       __real@41ec218f83600000    0000000180014690     robotROS2FeedbackControlExample_sfun.obj
 0002:00000698       __real@41edac7286800000    0000000180014698     robotROS2FeedbackControlExample_sfun.obj
 0002:00001870       __real@3fefffffffffffec    0000000180015870     c1_robotROS2FeedbackControlExample.obj
 0002:00001878       __real@3ff0000000000000    0000000180015878     c1_robotROS2FeedbackControlExample.obj
 0002:00001880       __real@4000000000000000    0000000180015880     c1_robotROS2FeedbackControlExample.obj
 0002:00001888       __real@41ad498380000000    0000000180015888     c1_robotROS2FeedbackControlExample.obj
 0002:00001890       __real@41bf360182000000    0000000180015890     c1_robotROS2FeedbackControlExample.obj
 0002:00001898       __real@41e4c5715ee00000    0000000180015898     c1_robotROS2FeedbackControlExample.obj
 0002:000018a0       __real@41ed47b618e00000    00000001800158a0     c1_robotROS2FeedbackControlExample.obj
 0002:000018a8       __real@bfefffffffffffec    00000001800158a8     c1_robotROS2FeedbackControlExample.obj
 0002:000018b0       __real@bff0000000000000    00000001800158b0     c1_robotROS2FeedbackControlExample.obj
 0002:000018b8       __real@c000000000000000    00000001800158b8     c1_robotROS2FeedbackControlExample.obj
 0002:000018c0       __xmm@80000000000000008000000000000000 00000001800158c0     c1_robotROS2FeedbackControlExample.obj
 0002:00003fb0       __real@0000000000000000    0000000180017fb0     robotROS2FeedbackControlExample_sfun_registry.obj
 0002:00003fb8       __real@4010000000000000    0000000180017fb8     robotROS2FeedbackControlExample_sfun_registry.obj
 0002:00003fc0       __real@41602cbca0000000    0000000180017fc0     robotROS2FeedbackControlExample_sfun_registry.obj
 0002:00003fc8       __real@3f800000            0000000180017fc8     half_type.obj
 0002:00003fe0       _pDefaultRawDllMain        0000000180017fe0     MSVCRT:dll_dllmain.obj
 0002:00003fe0       _pRawDllMain               0000000180017fe0     MSVCRT:dll_dllmain.obj
 0002:00003ff0       __xmm@ffffffffffffffffffffffffffffffff 0000000180017ff0     MSVCRT:utility.obj
 0002:00004000       _load_config_used          0000000180018000     MSVCRT:loadcfg.obj
 0002:00004180       __CastGuardVftablesStart   0000000180018180     MSVCRT:guard_support.obj
 0002:00004200       __CastGuardVftablesEnd     0000000180018200     MSVCRT:guard_support.obj
 0002:00004280       __volatile_metadata        0000000180018280     <linker-defined>
 0002:00004670       __rtc_iaa                  0000000180018670     MSVCRT:initsect.obj
 0002:00004678       __rtc_izz                  0000000180018678     MSVCRT:initsect.obj
 0002:00004680       __rtc_taa                  0000000180018680     MSVCRT:initsect.obj
 0002:00004688       __rtc_tzz                  0000000180018688     MSVCRT:initsect.obj
 0002:00005210       __IMPORT_DESCRIPTOR_sf_runtime 0000000180019210     sf_runtime:sf_runtime.dll
 0002:00005224       __IMPORT_DESCRIPTOR_libmx  0000000180019224     libmx:libmx.dll
 0002:00005238       __IMPORT_DESCRIPTOR_libmex 0000000180019238     libmex:libmex.dll
 0002:0000524c       __IMPORT_DESCRIPTOR_libut  000000018001924c     libut:libut.dll
 0002:00005260       __IMPORT_DESCRIPTOR_libmwmathutil 0000000180019260     libmwmathutil:libmwmathutil.dll
 0002:00005274       __IMPORT_DESCRIPTOR_libemlrt 0000000180019274     libemlrt:libemlrt.dll
 0002:00005288       __IMPORT_DESCRIPTOR_libcovrt 0000000180019288     libcovrt:libcovrt.dll
 0002:0000529c       __IMPORT_DESCRIPTOR_KERNEL32 000000018001929c     kernel32:KERNEL32.dll
 0002:000052b0       __IMPORT_DESCRIPTOR_VCRUNTIME140 00000001800192b0     vcruntime:VCRUNTIME140.dll
 0002:000052c4       __IMPORT_DESCRIPTOR_api-ms-win-crt-string-l1-1-0 00000001800192c4     ucrt:api-ms-win-crt-string-l1-1-0.dll
 0002:000052d8       __IMPORT_DESCRIPTOR_api-ms-win-crt-stdio-l1-1-0 00000001800192d8     ucrt:api-ms-win-crt-stdio-l1-1-0.dll
 0002:000052ec       __IMPORT_DESCRIPTOR_api-ms-win-crt-heap-l1-1-0 00000001800192ec     ucrt:api-ms-win-crt-heap-l1-1-0.dll
 0002:00005300       __IMPORT_DESCRIPTOR_api-ms-win-crt-runtime-l1-1-0 0000000180019300     ucrt:api-ms-win-crt-runtime-l1-1-0.dll
 0002:00005314       __NULL_IMPORT_DESCRIPTOR   0000000180019314     sf_runtime:sf_runtime.dll
 0003:00000160       DYNAMIC_DIMENSION          000000018001b160     robotROS2FeedbackControlExample_sfun_registry.obj
 0003:000001c0       __security_cookie          000000018001b1c0     MSVCRT:gs_cookie.obj
 0003:00000200       __security_cookie_complement 000000018001b200     MSVCRT:gs_cookie.obj
 0003:00000208       _fltused                   000000018001b208     MSVCRT:fltused.obj
 0003:0000020c       __scrt_native_dllmain_reason 000000018001b20c     MSVCRT:utility.obj
 0003:00000210       __isa_inverted             000000018001b210     MSVCRT:cpu_disp.obj
 0003:00000218       __isa_available            000000018001b218     MSVCRT:cpu_disp.obj
 0003:0000021c       __isa_enabled              000000018001b21c     MSVCRT:cpu_disp.obj
 0003:00000220       __memset_fast_string_threshold 000000018001b220     MSVCRT:cpu_disp.obj
 0003:00000228       __memset_nt_threshold      000000018001b228     MSVCRT:cpu_disp.obj
 0003:00000230       __scrt_ucrt_dll_is_in_use  000000018001b230     MSVCRT:ucrt_stubs.obj
 0003:00000840       ?_OptionsStorage@?1??__local_stdio_printf_options@@9@4_KA 000000018001b840     robotROS2FeedbackControlExample_sfun_registry.obj
 0003:00000dd0       ?__type_info_root_node@@3U__type_info_node@@A 000000018001bdd0     MSVCRT:tncleanup.obj
 0003:00000de0       ?_OptionsStorage@?1??__local_stdio_scanf_options@@9@4_KA 000000018001bde0     MSVCRT:default_local_stdio_options.obj
 0003:00000de8       __scrt_current_native_startup_state 000000018001bde8     MSVCRT:utility.obj
 0003:00000df0       __scrt_native_startup_lock 000000018001bdf0     MSVCRT:utility.obj
 0003:00000e30       __scrt_debugger_hook_flag  000000018001be30     MSVCRT:utility_desktop.obj
 0003:00000e38       __castguard_check_failure_user_handled_fptr 000000018001be38     MSVCRT:guard_support.obj
 0003:00000e40       __avx10_version            000000018001be40     MSVCRT:cpu_disp.obj
 0003:00000e44       __favor                    000000018001be44     MSVCRT:cpu_disp.obj
 0003:00000e48       __dyn_tls_init_callback    000000018001be48     <common>

 entry point at        0001:00011774

 Static symbols

 0000:00000000       _volmd                     0000000180000000     c1_robotROS2FeedbackControlExample.obj
 0000:00000000       .debug$S                   0000000180000000     robotROS2FeedbackControlExample_sfun.exp
 0000:00000000       _volmd                     0000000180000000     robotROS2FeedbackControlExample_sfun.obj
 0000:00000000       _volmd                     0000000180000000     robotROS2FeedbackControlExample_sfun_registry.obj
 0000:00000000       .debug$S                   0000000180000000     ucrt:api-ms-win-crt-heap-l1-1-0.dll
 0000:00000000       .debug$S                   0000000180000000     ucrt:api-ms-win-crt-heap-l1-1-0.dll
 0000:00000000       .debug$S                   0000000180000000     ucrt:api-ms-win-crt-runtime-l1-1-0.dll
 0000:00000000       .debug$S                   0000000180000000     ucrt:api-ms-win-crt-runtime-l1-1-0.dll
 0000:00000000       .debug$S                   0000000180000000     ucrt:api-ms-win-crt-runtime-l1-1-0.dll
 0000:00000000       .debug$S                   0000000180000000     ucrt:api-ms-win-crt-runtime-l1-1-0.dll
 0000:00000000       .debug$S                   0000000180000000     ucrt:api-ms-win-crt-runtime-l1-1-0.dll
 0000:00000000       .debug$S                   0000000180000000     ucrt:api-ms-win-crt-runtime-l1-1-0.dll
 0000:00000000       .debug$S                   0000000180000000     ucrt:api-ms-win-crt-runtime-l1-1-0.dll
 0000:00000000       .debug$S                   0000000180000000     ucrt:api-ms-win-crt-runtime-l1-1-0.dll
 0000:00000000       .debug$S                   0000000180000000     ucrt:api-ms-win-crt-runtime-l1-1-0.dll
 0000:00000000       .debug$S                   0000000180000000     ucrt:api-ms-win-crt-runtime-l1-1-0.dll
 0000:00000000       .debug$S                   0000000180000000     ucrt:api-ms-win-crt-runtime-l1-1-0.dll
 0000:00000000       .debug$S                   0000000180000000     ucrt:api-ms-win-crt-runtime-l1-1-0.dll
 0000:00000000       .debug$S                   0000000180000000     ucrt:api-ms-win-crt-stdio-l1-1-0.dll
 0000:00000000       .debug$S                   0000000180000000     ucrt:api-ms-win-crt-string-l1-1-0.dll
 0000:00000000       .debug$S                   0000000180000000     ucrt:api-ms-win-crt-string-l1-1-0.dll
 0000:00000000       .debug$S                   0000000180000000     ucrt:api-ms-win-crt-string-l1-1-0.dll
 0000:00000000       .debug$S                   0000000180000000     kernel32:KERNEL32.dll
 0000:00000000       .debug$S                   0000000180000000     kernel32:KERNEL32.dll
 0000:00000000       .debug$S                   0000000180000000     kernel32:KERNEL32.dll
 0000:00000000       .debug$S                   0000000180000000     kernel32:KERNEL32.dll
 0000:00000000       .debug$S                   0000000180000000     kernel32:KERNEL32.dll
 0000:00000000       .debug$S                   0000000180000000     kernel32:KERNEL32.dll
 0000:00000000       .debug$S                   0000000180000000     kernel32:KERNEL32.dll
 0000:00000000       .debug$S                   0000000180000000     kernel32:KERNEL32.dll
 0000:00000000       .debug$S                   0000000180000000     kernel32:KERNEL32.dll
 0000:00000000       .debug$S                   0000000180000000     kernel32:KERNEL32.dll
 0000:00000000       .debug$S                   0000000180000000     kernel32:KERNEL32.dll
 0000:00000000       .debug$S                   0000000180000000     kernel32:KERNEL32.dll
 0000:00000000       .debug$S                   0000000180000000     kernel32:KERNEL32.dll
 0000:00000000       .debug$S                   0000000180000000     kernel32:KERNEL32.dll
 0000:00000000       .debug$S                   0000000180000000     kernel32:KERNEL32.dll
 0000:00000000       .debug$S                   0000000180000000     kernel32:KERNEL32.dll
 0000:00000000       .debug$S                   0000000180000000     kernel32:KERNEL32.dll
 0000:00000000       .debug$S                   0000000180000000     libcovrt:libcovrt.dll
 0000:00000000       .debug$S                   0000000180000000     libcovrt:libcovrt.dll
 0000:00000000       .debug$S                   0000000180000000     libcovrt:libcovrt.dll
 0000:00000000       .debug$S                   0000000180000000     libcovrt:libcovrt.dll
 0000:00000000       .debug$S                   0000000180000000     libcovrt:libcovrt.dll
 0000:00000000       .debug$S                   0000000180000000     libcovrt:libcovrt.dll
 0000:00000000       .debug$S                   0000000180000000     libcovrt:libcovrt.dll
 0000:00000000       .debug$S                   0000000180000000     libcovrt:libcovrt.dll
 0000:00000000       .debug$S                   0000000180000000     libcovrt:libcovrt.dll
 0000:00000000       .debug$S                   0000000180000000     libemlrt:libemlrt.dll
 0000:00000000       .debug$S                   0000000180000000     libemlrt:libemlrt.dll
 0000:00000000       .debug$S                   0000000180000000     libmex:libmex.dll
 0000:00000000       .debug$S                   0000000180000000     libmex:libmex.dll
 0000:00000000       .debug$S                   0000000180000000     libmex:libmex.dll
 0000:00000000       .debug$S                   0000000180000000     libmex:libmex.dll
 0000:00000000       .debug$S                   0000000180000000     libmex:libmex.dll
 0000:00000000       .debug$S                   0000000180000000     libmex:libmex.dll
 0000:00000000       .debug$S                   0000000180000000     libmex:libmex.dll
 0000:00000000       .debug$S                   0000000180000000     libmwmathutil:libmwmathutil.dll
 0000:00000000       .debug$S                   0000000180000000     libmwmathutil:libmwmathutil.dll
 0000:00000000       .debug$S                   0000000180000000     libmwmathutil:libmwmathutil.dll
 0000:00000000       .debug$S                   0000000180000000     libmx:libmx.dll
 0000:00000000       .debug$S                   0000000180000000     libmx:libmx.dll
 0000:00000000       .debug$S                   0000000180000000     libmx:libmx.dll
 0000:00000000       .debug$S                   0000000180000000     libmx:libmx.dll
 0000:00000000       .debug$S                   0000000180000000     libmx:libmx.dll
 0000:00000000       .debug$S                   0000000180000000     libmx:libmx.dll
 0000:00000000       .debug$S                   0000000180000000     libmx:libmx.dll
 0000:00000000       .debug$S                   0000000180000000     libmx:libmx.dll
 0000:00000000       .debug$S                   0000000180000000     libmx:libmx.dll
 0000:00000000       .debug$S                   0000000180000000     libmx:libmx.dll
 0000:00000000       .debug$S                   0000000180000000     libmx:libmx.dll
 0000:00000000       .debug$S                   0000000180000000     libmx:libmx.dll
 0000:00000000       .debug$S                   0000000180000000     libmx:libmx.dll
 0000:00000000       .debug$S                   0000000180000000     libmx:libmx.dll
 0000:00000000       .debug$S                   0000000180000000     libmx:libmx.dll
 0000:00000000       .debug$S                   0000000180000000     libmx:libmx.dll
 0000:00000000       .debug$S                   0000000180000000     libmx:libmx.dll
 0000:00000000       .debug$S                   0000000180000000     libmx:libmx.dll
 0000:00000000       .debug$S                   0000000180000000     libmx:libmx.dll
 0000:00000000       .debug$S                   0000000180000000     libut:libut.dll
 0000:00000000       .debug$S                   0000000180000000     libut:libut.dll
 0000:00000000       .debug$S                   0000000180000000     sf_runtime:sf_runtime.dll
 0000:00000000       .debug$S                   0000000180000000     sf_runtime:sf_runtime.dll
 0000:00000000       .debug$S                   0000000180000000     sf_runtime:sf_runtime.dll
 0000:00000000       .debug$S                   0000000180000000     sf_runtime:sf_runtime.dll
 0000:00000000       .debug$S                   0000000180000000     sf_runtime:sf_runtime.dll
 0000:00000000       .debug$S                   0000000180000000     sf_runtime:sf_runtime.dll
 0000:00000000       .debug$S                   0000000180000000     sf_runtime:sf_runtime.dll
 0000:00000000       .debug$S                   0000000180000000     sf_runtime:sf_runtime.dll
 0000:00000000       .debug$S                   0000000180000000     sf_runtime:sf_runtime.dll
 0000:00000000       .debug$S                   0000000180000000     sf_runtime:sf_runtime.dll
 0000:00000000       .debug$S                   0000000180000000     sf_runtime:sf_runtime.dll
 0000:00000000       .debug$S                   0000000180000000     sf_runtime:sf_runtime.dll
 0000:00000000       .debug$S                   0000000180000000     sf_runtime:sf_runtime.dll
 0000:00000000       .debug$S                   0000000180000000     sf_runtime:sf_runtime.dll
 0000:00000000       .debug$S                   0000000180000000     sf_runtime:sf_runtime.dll
 0000:00000000       .debug$S                   0000000180000000     sf_runtime:sf_runtime.dll
 0000:00000000       .debug$S                   0000000180000000     sf_runtime:sf_runtime.dll
 0000:00000000       .debug$S                   0000000180000000     sf_runtime:sf_runtime.dll
 0000:00000000       .debug$S                   0000000180000000     sf_runtime:sf_runtime.dll
 0000:00000000       .debug$S                   0000000180000000     sf_runtime:sf_runtime.dll
 0000:00000000       .debug$S                   0000000180000000     sf_runtime:sf_runtime.dll
 0000:00000000       .debug$S                   0000000180000000     sf_runtime:sf_runtime.dll
 0000:00000000       .debug$S                   0000000180000000     sf_runtime:sf_runtime.dll
 0000:00000000       .debug$S                   0000000180000000     sf_runtime:sf_runtime.dll
 0000:00000000       .debug$S                   0000000180000000     sf_runtime:sf_runtime.dll
 0000:00000000       .debug$S                   0000000180000000     sf_runtime:sf_runtime.dll
 0000:00000000       .debug$S                   0000000180000000     sf_runtime:sf_runtime.dll
 0000:00000000       .debug$S                   0000000180000000     sf_runtime:sf_runtime.dll
 0000:00000000       .debug$S                   0000000180000000     sf_runtime:sf_runtime.dll
 0000:00000000       .debug$S                   0000000180000000     sf_runtime:sf_runtime.dll
 0000:00000000       .debug$S                   0000000180000000     sf_runtime:sf_runtime.dll
 0000:00000000       .debug$S                   0000000180000000     sf_runtime:sf_runtime.dll
 0000:00000000       .debug$S                   0000000180000000     sf_runtime:sf_runtime.dll
 0000:00000000       .debug$S                   0000000180000000     sf_runtime:sf_runtime.dll
 0000:00000000       .debug$S                   0000000180000000     sf_runtime:sf_runtime.dll
 0000:00000000       .debug$S                   0000000180000000     sf_runtime:sf_runtime.dll
 0000:00000000       .debug$S                   0000000180000000     sf_runtime:sf_runtime.dll
 0000:00000000       .debug$S                   0000000180000000     sf_runtime:sf_runtime.dll
 0000:00000000       .debug$S                   0000000180000000     sf_runtime:sf_runtime.dll
 0000:00000000       .debug$S                   0000000180000000     sf_runtime:sf_runtime.dll
 0000:00000000       _volmd                     0000000180000000     MSVCRT:cpu_disp.obj
 0002:fffec000       __guard_ehcont_?dllmain_dispatch@@YAHQEAUHINSTANCE__@@KQEAX@Z 0000000180000000     MSVCRT:dll_dllmain.obj
 0002:fffec000       __guard_fids_?dllmain_dispatch@@YAHQEAUHINSTANCE__@@KQEAX@Z 0000000180000000     MSVCRT:dll_dllmain.obj
 0000:00000000       _volmd                     0000000180000000     MSVCRT:gs_report.obj
 0000:00000000       _volmd                     0000000180000000     MSVCRT:gs_report.obj
 0000:00000000       _volmd                     0000000180000000     MSVCRT:gs_report.obj
 0002:fffec000       __guard_fids__             0000000180000000     MSVCRT:guard_support.obj
 0002:fffec000       __guard_fids__             0000000180000000     MSVCRT:guard_support.obj
[...]
 0002:00004c90       $unwind$?mdlProcessParameters@@YAXPEAUSimStruct_tag@@@Z 0000000180018c90     robotROS2FeedbackControlExample_sfun_registry.obj
 0002:00004c98       $unwind$?mdl_setup_runtime_resources_processing@@YAXPEAUSimStruct_tag@@@Z 0000000180018c98     robotROS2FeedbackControlExample_sfun_registry.obj
 0002:00004ca0       $unwind$?mdlSetupRuntimeResources@@YAXPEAUSimStruct_tag@@@Z 0000000180018ca0     robotROS2FeedbackControlExample_sfun_registry.obj
 0002:00004ca8       $unwind$?mdl_cleanup_runtime_resources_processing@@YAXPEAUSimStruct_tag@@@Z 0000000180018ca8     robotROS2FeedbackControlExample_sfun_registry.obj
 0002:00004cb0       $unwind$?mdlCleanupRuntimeResources@@YAXPEAUSimStruct_tag@@@Z 0000000180018cb0     robotROS2FeedbackControlExample_sfun_registry.obj
 0002:00004cb8       $unwind$?mdl_start_processing@@YAXPEAUSimStruct_tag@@@Z 0000000180018cb8     robotROS2FeedbackControlExample_sfun_registry.obj
 0002:00004cc0       $unwind$?mdlStart@@YAXPEAUSimStruct_tag@@@Z 0000000180018cc0     robotROS2FeedbackControlExample_sfun_registry.obj
 0002:00004cc8       $unwind$?mdl_terminate_processing@@YAXPEAUSimStruct_tag@@@Z 0000000180018cc8     robotROS2FeedbackControlExample_sfun_registry.obj
 0002:00004cd0       $unwind$?mdlTerminate@@YAXPEAUSimStruct_tag@@@Z 0000000180018cd0     robotROS2FeedbackControlExample_sfun_registry.obj
 0002:00004cd8       $unwind$?mdlInitializeSizes@@YAXPEAUSimStruct_tag@@@Z 0000000180018cd8     robotROS2FeedbackControlExample_sfun_registry.obj
 0002:00004ce0       $unwind$?mdlInitializeSampleTimes@@YAXPEAUSimStruct_tag@@@Z 0000000180018ce0     robotROS2FeedbackControlExample_sfun_registry.obj
 0002:00004ce8       $unwind$?mdl_outputs_continuous_legacy@@YAXPEAUSimStruct_tag@@PEAUChartInfoStruct@@@Z 0000000180018ce8     robotROS2FeedbackControlExample_sfun_registry.obj
 0002:00004cf0       $unwind$?mdl_outputs_processing@@YAXPEAUSimStruct_tag@@@Z 0000000180018cf0     robotROS2FeedbackControlExample_sfun_registry.obj
 0002:00004cf8       $unwind$?mdl_zeroCrossings_processing@@YAXPEAUSimStruct_tag@@@Z 0000000180018cf8     robotROS2FeedbackControlExample_sfun_registry.obj
 0002:00004d00       $unwind$?mdlZeroCrossings@@YAXPEAUSimStruct_tag@@@Z 0000000180018d00     robotROS2FeedbackControlExample_sfun_registry.obj
 0002:00004d08       $unwind$?mdl_derivatives_processing@@YAXPEAUSimStruct_tag@@@Z 0000000180018d08     robotROS2FeedbackControlExample_sfun_registry.obj
 0002:00004d10       $unwind$?mdlDerivatives@@YAXPEAUSimStruct_tag@@@Z 0000000180018d10     robotROS2FeedbackControlExample_sfun_registry.obj
 0002:00004d18       $unwind$?mdl_initialize_conditions_processing@@YAXPEAUSimStruct_tag@@@Z 0000000180018d18     robotROS2FeedbackControlExample_sfun_registry.obj
 0002:00004d20       $unwind$?mdlInitializeConditions@@YAXPEAUSimStruct_tag@@@Z 0000000180018d20     robotROS2FeedbackControlExample_sfun_registry.obj
 0002:00004d28       $unwind$?mdl_ext_mode_exec_processing@@YAXPEAUSimStruct_tag@@@Z 0000000180018d28     robotROS2FeedbackControlExample_sfun_registry.obj
 0002:00004d30       $unwind$?mdlExtModeExec@@YAXPEAUSimStruct_tag@@@Z 0000000180018d30     robotROS2FeedbackControlExample_sfun_registry.obj
 0002:00004d38       $unwind$?mdlRTW@@YAXPEAUSimStruct_tag@@@Z 0000000180018d38     robotROS2FeedbackControlExample_sfun_registry.obj
 0002:00004d40       $unwind$?mdl_enable_processing@@YAXPEAUSimStruct_tag@@@Z 0000000180018d40     robotROS2FeedbackControlExample_sfun_registry.obj
 0002:00004d48       $unwind$?mdlEnable@@YAXPEAUSimStruct_tag@@@Z 0000000180018d48     robotROS2FeedbackControlExample_sfun_registry.obj
 0002:00004d50       $unwind$?mdl_disable_processing@@YAXPEAUSimStruct_tag@@@Z 0000000180018d50     robotROS2FeedbackControlExample_sfun_registry.obj
 0002:00004d58       $unwind$?mdlDisable@@YAXPEAUSimStruct_tag@@@Z 0000000180018d58     robotROS2FeedbackControlExample_sfun_registry.obj
 0002:00004d60       $unwind$?mdlOutputs@@YAXPEAUSimStruct_tag@@H@Z 0000000180018d60     robotROS2FeedbackControlExample_sfun_registry.obj
 0002:00004d68       $unwind$?mdl_update_processing@@YAXPEAUSimStruct_tag@@@Z 0000000180018d68     robotROS2FeedbackControlExample_sfun_registry.obj
 0002:00004d70       $unwind$?mdlUpdate@@YAXPEAUSimStruct_tag@@H@Z 0000000180018d70     robotROS2FeedbackControlExample_sfun_registry.obj
 0002:00004d78       $unwind$?ProcessMexSfunctionEveryCall@@YAIHQEAPEAUmxArray_tag@@HQEAPEBU1@@Z 0000000180018d78     robotROS2FeedbackControlExample_sfun_registry.obj
 0002:00004d80       $unwind$?_RegNumInputPortsCB@@YAHPEAXH@Z 0000000180018d80     robotROS2FeedbackControlExample_sfun_registry.obj
 0002:00004d88       $unwind$?_RegNumOutputPortsCB@@YAHPEAXH@Z 0000000180018d88     robotROS2FeedbackControlExample_sfun_registry.obj
 0002:00004d90       $unwind$?_CreateSimStruct@@YAPEAUSimStruct_tag@@HQEAPEBUmxArray_tag@@@Z 0000000180018d90     robotROS2FeedbackControlExample_sfun_registry.obj
 0002:00004d98       $unwind$?_ProcessMexSfunctionCmdLineCall@@YAXHQEAPEAUmxArray_tag@@HQEAPEBU1@@Z 0000000180018d98     robotROS2FeedbackControlExample_sfun_registry.obj
 0002:00004dac       $unwind$?ReportIndexOutOfBoundsError@@YAXPEBDHPEBUSimStruct_tag@@HPEAHH0@Z 0000000180018dac     robotROS2FeedbackControlExample_sfun_registry.obj
 0002:00004dbc       $unwind$?getBitfieldFromFloat@@YAIM@Z 0000000180018dbc     half_type.obj
 0002:00004dc4       $unwind$?getFloatFromBitfield@@YAMI@Z 0000000180018dc4     half_type.obj
 0002:00004dcc       $unwind$??0real16_T@@QEAA@M@Z 0000000180018dcc     half_type.obj
 0002:00004dd4       $unwind$??0real16_T@@QEAA@N@Z 0000000180018dd4     half_type.obj
 0002:00004ddc       $unwind$??Breal16_T@@QEBAMXZ 0000000180018ddc     half_type.obj
 0002:00004de4       $unwind$??Breal16_T@@QEBANXZ 0000000180018de4     half_type.obj
 0002:00004dec       $unwind$??Hreal16_T@@QEBA?AV0@V0@@Z 0000000180018dec     half_type.obj
 0002:00004df4       $unwind$??Greal16_T@@QEBA?AV0@V0@@Z 0000000180018df4     half_type.obj
 0002:00004dfc       $unwind$??Dreal16_T@@QEBA?AV0@V0@@Z 0000000180018dfc     half_type.obj
 0002:00004e04       $unwind$??Kreal16_T@@QEBA?AV0@V0@@Z 0000000180018e04     half_type.obj
 0002:00004e0c       $unwind$??Greal16_T@@QEBA?AV0@XZ 0000000180018e0c     half_type.obj
 0002:00004e14       $unwind$??Ereal16_T@@QEAAAEAV0@XZ 0000000180018e14     half_type.obj
 0002:00004e1c       $unwind$??Ereal16_T@@QEAA?AV0@H@Z 0000000180018e1c     half_type.obj
 0002:00004e24       $unwind$??Freal16_T@@QEAAAEAV0@XZ 0000000180018e24     half_type.obj
 0002:00004e2c       $unwind$??Freal16_T@@QEAA?AV0@H@Z 0000000180018e2c     half_type.obj
 0002:00004e34       $unwind$??8real16_T@@QEBAEV0@@Z 0000000180018e34     half_type.obj
 0002:00004e3c       $unwind$??9real16_T@@QEBAEV0@@Z 0000000180018e3c     half_type.obj
 0002:00004e44       $unwind$??Preal16_T@@QEBAEV0@@Z 0000000180018e44     half_type.obj
 0002:00004e4c       $unwind$??Oreal16_T@@QEBAEV0@@Z 0000000180018e4c     half_type.obj
 0002:00004e54       $unwind$??Nreal16_T@@QEBAEV0@@Z 0000000180018e54     half_type.obj
 0002:00004e5c       $unwind$??Mreal16_T@@QEBAEV0@@Z 0000000180018e5c     half_type.obj
 0002:00004e64       $unwind$??4real16_T@@QECAXAEDV0@@Z 0000000180018e64     half_type.obj
 0002:00004e6c       $unwind$??4real16_T@@QECAXAEBV0@@Z 0000000180018e6c     half_type.obj
 0002:00004e74       $unwind$??Yreal16_T@@QEAAAEAV0@V0@@Z 0000000180018e74     half_type.obj
 0002:00004e7c       $unwind$??Zreal16_T@@QEAAAEAV0@V0@@Z 0000000180018e7c     half_type.obj
 0002:00004e84       $unwind$??Xreal16_T@@QEAAAEAV0@V0@@Z 0000000180018e84     half_type.obj
 0002:00004e8c       $unwind$??_0real16_T@@QEAAAEAV0@V0@@Z 0000000180018e8c     half_type.obj
 0002:00004e94       $unwind$?getBitfieldFromHalf@@YAGVreal16_T@@@Z 0000000180018e94     half_type.obj
 0002:00004e9c       $unwind$?getHalfFromBitfield@@YA?AVreal16_T@@G@Z 0000000180018e9c     half_type.obj
 0002:00004ea4       $unwind$?halfToFloat@@YAMVreal16_T@@@Z 0000000180018ea4     half_type.obj
 0002:00004eac       $unwind$?halfToDouble@@YANVreal16_T@@@Z 0000000180018eac     half_type.obj
 0002:00004eb4       $unwind$?floatToHalf@@YA?AVreal16_T@@M@Z 0000000180018eb4     half_type.obj
 0002:00004ebc       $unwind$?doubleToHalf@@YA?AVreal16_T@@N@Z 0000000180018ebc     half_type.obj
 0002:00004ec4       $unwind$__report_securityfailure 0000000180018ec4     MSVCRT:gs_report.obj
 0002:00004ecc       $unwind$__report_securityfailureEx 0000000180018ecc     MSVCRT:gs_report.obj
 0002:00004ed4       $unwind$__report_rangecheckfailure 0000000180018ed4     MSVCRT:gs_report.obj
 0002:00004edc       $unwind$__report_gsfailure 0000000180018edc     MSVCRT:gs_report.obj
 0002:00004ee4       $unwind$capture_current_context 0000000180018ee4     MSVCRT:gs_report.obj
 0002:00004ef0       $unwind$capture_previous_context 0000000180018ef0     MSVCRT:gs_report.obj
 0002:00004efc       $unwind$__raise_securityfailure 0000000180018efc     MSVCRT:gs_report.obj
 0002:00004f04       $unwind$__GSHandlerCheckCommon 0000000180018f04     MSVCRT:gshandler.obj
 0002:00004f0c       $unwind$__GSHandlerCheck   0000000180018f0c     MSVCRT:gshandler.obj
 0002:00004f18       $xdatasym                  0000000180018f18     MSVCRT:amdsecgs.obj
 0002:00004f1c       $unwind$?dllmain_crt_process_attach@@YAHQEAUHINSTANCE__@@QEAX@Z 0000000180018f1c     MSVCRT:dll_dllmain.obj
 0002:00004f58       $unwind$?fin$0@?0??dllmain_crt_process_attach@@YAHQEAUHINSTANCE__@@QEAX@Z@4HA 0000000180018f58     MSVCRT:dll_dllmain.obj
 0002:00004f60       $unwind$?dllmain_crt_process_detach@@YAH_N@Z 0000000180018f60     MSVCRT:dll_dllmain.obj
 0002:00004fb4       $unwind$?fin$0@?0??dllmain_crt_process_detach@@YAH_N@Z@4HA 0000000180018fb4     MSVCRT:dll_dllmain.obj
 0002:00004fbc       $unwind$?fin$1@?0??dllmain_crt_process_detach@@YAH_N@Z@4HA 0000000180018fbc     MSVCRT:dll_dllmain.obj
 0002:00004fc4       $unwind$?dllmain_crt_dispatch@@YAHQEAUHINSTANCE__@@KQEAX@Z 0000000180018fc4     MSVCRT:dll_dllmain.obj
 0002:00004fcc       $unwind$?dllmain_dispatch@@YAHQEAUHINSTANCE__@@KQEAX@Z 0000000180018fcc     MSVCRT:dll_dllmain.obj
 0002:00004ff4       $unwind$?filt$0@?0??dllmain_dispatch@@YAHQEAUHINSTANCE__@@KQEAX@Z@4HA 0000000180018ff4     MSVCRT:dll_dllmain.obj
 0002:00004ffc       $unwind$_DllMainCRTStartup 0000000180018ffc     MSVCRT:dll_dllmain.obj
 0002:0000500c       $unwind$__security_init_cookie 000000018001900c     MSVCRT:gs_support.obj
 0002:00005018       $unwind$__get_entropy      0000000180019018     MSVCRT:gs_support.obj
 0002:00005020       $unwind$DllMain            0000000180019020     MSVCRT:dll_dllmain_stub.obj
 0002:00005028       $unwind$__scrt_initialize_default_local_stdio_options 0000000180019028     MSVCRT:default_local_stdio_options.obj
 0002:00005030       $unwind$atexit             0000000180019030     MSVCRT:utility.obj
 0002:00005038       $unwind$_onexit            0000000180019038     MSVCRT:utility.obj
 0002:00005040       $unwind$__scrt_is_nonwritable_in_current_image 0000000180019040     MSVCRT:utility.obj
 0002:00005060       $unwind$__scrt_is_nonwritable_in_current_image$filt$0 0000000180019060     MSVCRT:utility.obj
 0002:00005068       $unwind$__scrt_acquire_startup_lock 0000000180019068     MSVCRT:utility.obj
 0002:00005070       $unwind$__scrt_release_startup_lock 0000000180019070     MSVCRT:utility.obj
 0002:00005078       $unwind$__scrt_initialize_crt 0000000180019078     MSVCRT:utility.obj
 0002:00005080       $unwind$__scrt_uninitialize_crt 0000000180019080     MSVCRT:utility.obj
 0002:00005088       $unwind$__scrt_initialize_onexit_tables 0000000180019088     MSVCRT:utility.obj
 0002:00005090       $unwind$__scrt_dllmain_exception_filter 0000000180019090     MSVCRT:utility.obj
 0002:000050a4       $unwind$__scrt_dllmain_before_initialize_c 00000001800190a4     MSVCRT:utility.obj
 0002:000050ac       $unwind$__scrt_dllmain_after_initialize_c 00000001800190ac     MSVCRT:utility.obj
 0002:000050b4       $unwind$__scrt_dllmain_uninitialize_c 00000001800190b4     MSVCRT:utility.obj
 0002:000050bc       $unwind$__scrt_dllmain_uninitialize_critical 00000001800190bc     MSVCRT:utility.obj
 0002:000050c4       $unwind$__scrt_dllmain_crt_thread_attach 00000001800190c4     MSVCRT:utility.obj
 0002:000050cc       $unwind$__scrt_dllmain_crt_thread_detach 00000001800190cc     MSVCRT:utility.obj
 0002:000050d4       $unwind$?configure_argv@__scrt_narrow_argv_policy@@SAHXZ 00000001800190d4     MSVCRT:utility.obj
 0002:000050dc       $unwind$__scrt_get_show_window_mode 00000001800190dc     MSVCRT:utility_desktop.obj
 0002:000050e4       $unwind$__scrt_is_managed_app 00000001800190e4     MSVCRT:utility_desktop.obj
 0002:000050ec       $unwind$__scrt_fastfail    00000001800190ec     MSVCRT:utility_desktop.obj
 0002:000050fc       $unwind$__scrt_unhandled_exception_filter 00000001800190fc     MSVCRT:utility_desktop.obj
 0002:00005108       $unwind$_RTC_Initialize    0000000180019108     MSVCRT:initsect.obj
 0002:00005114       $unwind$_RTC_Terminate     0000000180019114     MSVCRT:initsect.obj
 0002:00005120       $unwind$__castguard_check_failure_os_handled_wrapper 0000000180019120     MSVCRT:guard_support.obj
 0002:00005128       $unwind$__castguard_check_failure_user_handled_wrapper 0000000180019128     MSVCRT:guard_support.obj
 0002:00005130       $unwind$__castguard_check_failure_os_handled 0000000180019130     MSVCRT:guard_support.obj
 0002:00005138       $unwind$__castguard_check_failure_user_handled 0000000180019138     MSVCRT:guard_support.obj
 0002:00005140       $unwind$__castguard_slow_path_check_os_handled 0000000180019140     MSVCRT:guard_support.obj
 0002:00005148       $unwind$__castguard_slow_path_check_user_handled 0000000180019148     MSVCRT:guard_support.obj
 0002:00005150       $unwind$__isa_available_init 0000000180019150     MSVCRT:cpu_disp.obj
 0002:00005168       $xdatasym                  0000000180019168     MSVCRT:guard_dispatch.obj
 0002:00005170       $xdatasym                  0000000180019170     MSVCRT:guard_xfg_dispatch.obj
 0002:00005180       .edata                     0000000180019180     robotROS2FeedbackControlExample_sfun.exp
 0002:000051a8       rgpv                       00000001800191a8     robotROS2FeedbackControlExample_sfun.exp
 0002:000051b0       rgszName                   00000001800191b0     robotROS2FeedbackControlExample_sfun.exp
 0002:000051b8       rgwOrd                     00000001800191b8     robotROS2FeedbackControlExample_sfun.exp
 0002:000051bc       szName                     00000001800191bc     robotROS2FeedbackControlExample_sfun.exp
 0002:000051e8       $N00001                    00000001800191e8     robotROS2FeedbackControlExample_sfun.exp
 0002:000051f4       $N00002                    00000001800191f4     robotROS2FeedbackControlExample_sfun.exp
 0002:00005b54       .idata$6                   0000000180019b54     sf_runtime:sf_runtime.dll
 0002:00005cde       .idata$6                   0000000180019cde     libmx:libmx.dll
 0002:00005d72       .idata$6                   0000000180019d72     libmex:libmex.dll
 0002:00005d94       .idata$6                   0000000180019d94     libut:libut.dll
 0002:00005de0       .idata$6                   0000000180019de0     libmwmathutil:libmwmathutil.dll
 0002:00005e30       .idata$6                   0000000180019e30     libemlrt:libemlrt.dll
 0002:00005f10       .idata$6                   0000000180019f10     libcovrt:libcovrt.dll
 0002:000060aa       .idata$6                   000000018001a0aa     kernel32:KERNEL32.dll
 0002:00006138       .idata$6                   000000018001a138     vcruntime:VCRUNTIME140.dll
 0002:00006286       .idata$6                   000000018001a286     ucrt:api-ms-win-crt-string-l1-1-0.dll
 0002:000062a8       .idata$6                   000000018001a2a8     ucrt:api-ms-win-crt-stdio-l1-1-0.dll
 0002:000062c8       .idata$6                   000000018001a2c8     ucrt:api-ms-win-crt-heap-l1-1-0.dll
 0002:000062e8       .idata$6                   000000018001a2e8     ucrt:api-ms-win-crt-runtime-l1-1-0.dll
 0003:00000000       ?c1_emlrtMCI@@3UemlrtRTEInfo@@A 000000018001b000     c1_robotROS2FeedbackControlExample.obj
 0003:00000018       ?c1_c_emlrtMCI@@3UemlrtRTEInfo@@A 000000018001b018     c1_robotROS2FeedbackControlExample.obj
 0003:00000030       ?c1_emlrtRSI@@3UemlrtRSInfo@@A 000000018001b030     c1_robotROS2FeedbackControlExample.obj
 0003:00000048       ?c1_b_emlrtRSI@@3UemlrtRSInfo@@A 000000018001b048     c1_robotROS2FeedbackControlExample.obj
 0003:00000060       ?c1_c_emlrtRSI@@3UemlrtRSInfo@@A 000000018001b060     c1_robotROS2FeedbackControlExample.obj
 0003:00000078       ?c1_d_emlrtRSI@@3UemlrtRSInfo@@A 000000018001b078     c1_robotROS2FeedbackControlExample.obj
 0003:00000090       ?c1_e_emlrtRSI@@3UemlrtRSInfo@@A 000000018001b090     c1_robotROS2FeedbackControlExample.obj
 0003:000000a8       ?c1_f_emlrtRSI@@3UemlrtRSInfo@@A 000000018001b0a8     c1_robotROS2FeedbackControlExample.obj
 0003:000000c0       ?c1_g_emlrtRSI@@3UemlrtRSInfo@@A 000000018001b0c0     c1_robotROS2FeedbackControlExample.obj
 0003:000000d8       ?c1_emlrtECI@@3UemlrtECInfo@@A 000000018001b0d8     c1_robotROS2FeedbackControlExample.obj
 0003:000000f8       ?c1_b_emlrtECI@@3UemlrtECInfo@@A 000000018001b0f8     c1_robotROS2FeedbackControlExample.obj
 0003:00000118       ?c1_cv@?1??sf_gateway_c1_robotROS2FeedbackControlExample@@YAXPEAUSFc1_robotROS2FeedbackControlExampleInstanceStruct@@@Z@4PADA 000000018001b118     c1_robotROS2FeedbackControlExample.obj
 0003:00000138       ?c1_cv2@?1??sf_gateway_c1_robotROS2FeedbackControlExample@@YAXPEAUSFc1_robotROS2FeedbackControlExampleInstanceStruct@@@Z@4PADA 000000018001b138     c1_robotROS2FeedbackControlExample.obj
 0003:00000158       ?c1_cv1@?1??sf_gateway_c1_robotROS2FeedbackControlExample@@YAXPEAUSFc1_robotROS2FeedbackControlExampleInstanceStruct@@@Z@4PADA 000000018001b158     c1_robotROS2FeedbackControlExample.obj
 0003:0000015c       ?c1_cv3@?1??sf_gateway_c1_robotROS2FeedbackControlExample@@YAXPEAUSFc1_robotROS2FeedbackControlExampleInstanceStruct@@@Z@4PADA 000000018001b15c     c1_robotROS2FeedbackControlExample.obj
 0003:00000168       ?_sfcnName@@3PADA          000000018001b168     robotROS2FeedbackControlExample_sfun_registry.obj
 0003:00000240       ?sRtwOptimizationInfoStruct@@3PEAUmxArray_tag@@EA 000000018001b240     robotROS2FeedbackControlExample_sfun.obj
 0003:00000248       ?sOptimizationInfoFlags@@3USfOptimizationInfoFlagsTag@@A 000000018001b248     robotROS2FeedbackControlExample_sfun.obj
 0003:00000250       ?_sfTime_@@3NA             000000018001b250     c1_robotROS2FeedbackControlExample.obj
 0003:00000260       ?newstr@?1??sf_c1_robotROS2FeedbackControlExample_get_post_codegen_info@@YAPEBDXZ@4PADA 000000018001b260     c1_robotROS2FeedbackControlExample.obj
 0003:00000848       ?sfGlobalMdlStartCallCounts@@3IA 000000018001b848     robotROS2FeedbackControlExample_sfun_registry.obj
 0003:0000084c       ?warningGuard@?1??ssGetRootSS@@9@4_NA 000000018001b84c     robotROS2FeedbackControlExample_sfun_registry.obj
 0003:0000084d       ?warningGuard@?1??ssGetParentSS@@9@4_NA 000000018001b84d     robotROS2FeedbackControlExample_sfun_registry.obj
 0003:00000850       GS_ExceptionRecord         000000018001b850     MSVCRT:gs_report.obj
 0003:000008f0       GS_ContextRecord           000000018001b8f0     MSVCRT:gs_report.obj
 0003:00000dc0       ?__proc_attached@@3HA      000000018001bdc0     MSVCRT:dll_dllmain.obj
 0003:00000df8       ?is_initialized_as_dll@@3_NA 000000018001bdf8     MSVCRT:utility.obj
 0003:00000df9       ?module_local_atexit_table_initialized@@3_NA 000000018001bdf9     MSVCRT:utility.obj
 0003:00000e00       ?module_local_atexit_table@@3U_onexit_table_t@@A 000000018001be00     MSVCRT:utility.obj
 0003:00000e18       ?module_local_at_quick_exit_table@@3U_onexit_table_t@@A 000000018001be18     MSVCRT:utility.obj
